../User_Drivers/USART/uart_callback.c:22:6:UART1_SetCallback	8	static
../User_Drivers/USART/uart_callback.c:24:6:UART6_SetCallback	8	static
../User_Drivers/USART/uart_callback.c:25:6:UART1_Clear	4	static
../User_Drivers/USART/uart_callback.c:27:6:UART6_Clear	4	static
../User_Drivers/USART/uart_callback.c:28:10:UART1_ReceivedLength	4	static
../User_Drivers/USART/uart_callback.c:30:10:UART6_ReceivedLength	4	static
../User_Drivers/USART/uart_callback.c:31:9:UART1_Available	4	static
../User_Drivers/USART/uart_callback.c:33:9:UART6_Available	4	static
../User_Drivers/USART/uart_callback.c:34:9:UART1_Read	16	static
../User_Drivers/USART/uart_callback.c:42:9:UART6_Read	16	static
../User_Drivers/USART/uart_callback.c:46:10:UART1_GetBufferPtr	4	static
../User_Drivers/USART/uart_callback.c:48:10:UART6_GetBufferPtr	4	static
../User_Drivers/USART/uart_callback.c:49:6:HAL_UART_RxCpltCallback	16	static
