Archive member included to satisfy reference by file (symbol)

c:/st/stm32cubeide_1.10.0/stm32cubeide/plugins/com.st.stm32cube.ide.mcu.externaltools.gnu-tools-for-stm32.10.3-2021.10.win32_1.0.0.202111181127/tools/bin/../lib/gcc/arm-none-eabi/10.3.1/../../../../arm-none-eabi/lib/thumb/v7e-m+fp/hard\libc_nano.a(lib_a-errno.o)
                              ./Core/Src/sysmem.o (__errno)
c:/st/stm32cubeide_1.10.0/stm32cubeide/plugins/com.st.stm32cube.ide.mcu.externaltools.gnu-tools-for-stm32.10.3-2021.10.win32_1.0.0.202111181127/tools/bin/../lib/gcc/arm-none-eabi/10.3.1/../../../../arm-none-eabi/lib/thumb/v7e-m+fp/hard\libc_nano.a(lib_a-exit.o)
                              c:/st/stm32cubeide_1.10.0/stm32cubeide/plugins/com.st.stm32cube.ide.mcu.externaltools.gnu-tools-for-stm32.10.3-2021.10.win32_1.0.0.202111181127/tools/bin/../lib/gcc/arm-none-eabi/10.3.1/../../../../arm-none-eabi/lib/thumb/v7e-m+fp/hard/crt0.o (exit)
c:/st/stm32cubeide_1.10.0/stm32cubeide/plugins/com.st.stm32cube.ide.mcu.externaltools.gnu-tools-for-stm32.10.3-2021.10.win32_1.0.0.202111181127/tools/bin/../lib/gcc/arm-none-eabi/10.3.1/../../../../arm-none-eabi/lib/thumb/v7e-m+fp/hard\libc_nano.a(lib_a-impure.o)
                              c:/st/stm32cubeide_1.10.0/stm32cubeide/plugins/com.st.stm32cube.ide.mcu.externaltools.gnu-tools-for-stm32.10.3-2021.10.win32_1.0.0.202111181127/tools/bin/../lib/gcc/arm-none-eabi/10.3.1/../../../../arm-none-eabi/lib/thumb/v7e-m+fp/hard\libc_nano.a(lib_a-exit.o) (_global_impure_ptr)
c:/st/stm32cubeide_1.10.0/stm32cubeide/plugins/com.st.stm32cube.ide.mcu.externaltools.gnu-tools-for-stm32.10.3-2021.10.win32_1.0.0.202111181127/tools/bin/../lib/gcc/arm-none-eabi/10.3.1/../../../../arm-none-eabi/lib/thumb/v7e-m+fp/hard\libc_nano.a(lib_a-init.o)
                              c:/st/stm32cubeide_1.10.0/stm32cubeide/plugins/com.st.stm32cube.ide.mcu.externaltools.gnu-tools-for-stm32.10.3-2021.10.win32_1.0.0.202111181127/tools/bin/../lib/gcc/arm-none-eabi/10.3.1/../../../../arm-none-eabi/lib/thumb/v7e-m+fp/hard/crt0.o (__libc_init_array)
c:/st/stm32cubeide_1.10.0/stm32cubeide/plugins/com.st.stm32cube.ide.mcu.externaltools.gnu-tools-for-stm32.10.3-2021.10.win32_1.0.0.202111181127/tools/bin/../lib/gcc/arm-none-eabi/10.3.1/../../../../arm-none-eabi/lib/thumb/v7e-m+fp/hard\libc_nano.a(lib_a-memset.o)
                              c:/st/stm32cubeide_1.10.0/stm32cubeide/plugins/com.st.stm32cube.ide.mcu.externaltools.gnu-tools-for-stm32.10.3-2021.10.win32_1.0.0.202111181127/tools/bin/../lib/gcc/arm-none-eabi/10.3.1/../../../../arm-none-eabi/lib/thumb/v7e-m+fp/hard/crt0.o (memset)
c:/st/stm32cubeide_1.10.0/stm32cubeide/plugins/com.st.stm32cube.ide.mcu.externaltools.gnu-tools-for-stm32.10.3-2021.10.win32_1.0.0.202111181127/tools/bin/../lib/gcc/arm-none-eabi/10.3.1/../../../../arm-none-eabi/lib/thumb/v7e-m+fp/hard\libc_nano.a(lib_a-printf.o)
                              ./Core/Src/main.o (printf)
c:/st/stm32cubeide_1.10.0/stm32cubeide/plugins/com.st.stm32cube.ide.mcu.externaltools.gnu-tools-for-stm32.10.3-2021.10.win32_1.0.0.202111181127/tools/bin/../lib/gcc/arm-none-eabi/10.3.1/../../../../arm-none-eabi/lib/thumb/v7e-m+fp/hard\libc_nano.a(lib_a-putchar.o)
                              ./Core/Src/main.o (putchar)
c:/st/stm32cubeide_1.10.0/stm32cubeide/plugins/com.st.stm32cube.ide.mcu.externaltools.gnu-tools-for-stm32.10.3-2021.10.win32_1.0.0.202111181127/tools/bin/../lib/gcc/arm-none-eabi/10.3.1/../../../../arm-none-eabi/lib/thumb/v7e-m+fp/hard\libc_nano.a(lib_a-puts.o)
                              ./Core/Src/main.o (puts)
c:/st/stm32cubeide_1.10.0/stm32cubeide/plugins/com.st.stm32cube.ide.mcu.externaltools.gnu-tools-for-stm32.10.3-2021.10.win32_1.0.0.202111181127/tools/bin/../lib/gcc/arm-none-eabi/10.3.1/../../../../arm-none-eabi/lib/thumb/v7e-m+fp/hard\libc_nano.a(lib_a-setvbuf.o)
                              ./User_Drivers/USART/retarget.o (setvbuf)
c:/st/stm32cubeide_1.10.0/stm32cubeide/plugins/com.st.stm32cube.ide.mcu.externaltools.gnu-tools-for-stm32.10.3-2021.10.win32_1.0.0.202111181127/tools/bin/../lib/gcc/arm-none-eabi/10.3.1/../../../../arm-none-eabi/lib/thumb/v7e-m+fp/hard\libc_nano.a(lib_a-strlen.o)
                              ./User_Drivers/Bluetooth/bluetooth.o (strlen)
c:/st/stm32cubeide_1.10.0/stm32cubeide/plugins/com.st.stm32cube.ide.mcu.externaltools.gnu-tools-for-stm32.10.3-2021.10.win32_1.0.0.202111181127/tools/bin/../lib/gcc/arm-none-eabi/10.3.1/../../../../arm-none-eabi/lib/thumb/v7e-m+fp/hard\libc_nano.a(lib_a-vsnprintf.o)
                              ./User_Drivers/Bluetooth/bluetooth.o (vsnprintf)
c:/st/stm32cubeide_1.10.0/stm32cubeide/plugins/com.st.stm32cube.ide.mcu.externaltools.gnu-tools-for-stm32.10.3-2021.10.win32_1.0.0.202111181127/tools/bin/../lib/gcc/arm-none-eabi/10.3.1/../../../../arm-none-eabi/lib/thumb/v7e-m+fp/hard\libc_nano.a(lib_a-wbuf.o)
[...]
Memory Configuration

Name             Origin             Length             Attributes
RAM              0x0000000020000000 0x0000000000020000 xrw
FLASH            0x0000000008000000 0x0000000000080000 xr
*default*        0x0000000000000000 0xffffffffffffffff

Linker script and memory map

LOAD c:/st/stm32cubeide_1.10.0/stm32cubeide/plugins/com.st.stm32cube.ide.mcu.externaltools.gnu-tools-for-stm32.10.3-2021.10.win32_1.0.0.202111181127/tools/bin/../lib/gcc/arm-none-eabi/10.3.1/thumb/v7e-m+fp/hard/crti.o
LOAD c:/st/stm32cubeide_1.10.0/stm32cubeide/plugins/com.st.stm32cube.ide.mcu.externaltools.gnu-tools-for-stm32.10.3-2021.10.win32_1.0.0.202111181127/tools/bin/../lib/gcc/arm-none-eabi/10.3.1/thumb/v7e-m+fp/hard/crtbegin.o
LOAD c:/st/stm32cubeide_1.10.0/stm32cubeide/plugins/com.st.stm32cube.ide.mcu.externaltools.gnu-tools-for-stm32.10.3-2021.10.win32_1.0.0.202111181127/tools/bin/../lib/gcc/arm-none-eabi/10.3.1/../../../../arm-none-eabi/lib/thumb/v7e-m+fp/hard/crt0.o
LOAD ./Core/Src/adc.o
LOAD ./Core/Src/dma.o
LOAD ./Core/Src/gpio.o
LOAD ./Core/Src/main.o
LOAD ./Core/Src/stm32f4xx_hal_msp.o
LOAD ./Core/Src/stm32f4xx_it.o
LOAD ./Core/Src/sysmem.o
LOAD ./Core/Src/system_stm32f4xx.o
LOAD ./Core/Src/tim.o
LOAD ./Core/Src/usart.o
LOAD ./Core/Startup/startup_stm32f411ceux.o
LOAD ./Drivers/STM32F4xx_HAL_Driver/Src/stm32f4xx_hal.o
LOAD ./Drivers/STM32F4xx_HAL_Driver/Src/stm32f4xx_hal_adc.o
LOAD ./Drivers/STM32F4xx_HAL_Driver/Src/stm32f4xx_hal_adc_ex.o
LOAD ./Drivers/STM32F4xx_HAL_Driver/Src/stm32f4xx_hal_cortex.o
LOAD ./Drivers/STM32F4xx_HAL_Driver/Src/stm32f4xx_hal_dma.o
LOAD ./Drivers/STM32F4xx_HAL_Driver/Src/stm32f4xx_hal_dma_ex.o
LOAD ./Drivers/STM32F4xx_HAL_Driver/Src/stm32f4xx_hal_exti.o
LOAD ./Drivers/STM32F4xx_HAL_Driver/Src/stm32f4xx_hal_flash.o
LOAD ./Drivers/STM32F4xx_HAL_Driver/Src/stm32f4xx_hal_flash_ex.o
LOAD ./Drivers/STM32F4xx_HAL_Driver/Src/stm32f4xx_hal_flash_ramfunc.o
LOAD ./Drivers/STM32F4xx_HAL_Driver/Src/stm32f4xx_hal_gpio.o
LOAD ./Drivers/STM32F4xx_HAL_Driver/Src/stm32f4xx_hal_pwr.o
LOAD ./Drivers/STM32F4xx_HAL_Driver/Src/stm32f4xx_hal_pwr_ex.o
LOAD ./Drivers/STM32F4xx_HAL_Driver/Src/stm32f4xx_hal_rcc.o
LOAD ./Drivers/STM32F4xx_HAL_Driver/Src/stm32f4xx_hal_rcc_ex.o
LOAD ./Drivers/STM32F4xx_HAL_Driver/Src/stm32f4xx_hal_tim.o
LOAD ./Drivers/STM32F4xx_HAL_Driver/Src/stm32f4xx_hal_tim_ex.o
LOAD ./Drivers/STM32F4xx_HAL_Driver/Src/stm32f4xx_hal_uart.o
LOAD ./Drivers/STM32F4xx_HAL_Driver/Src/stm32f4xx_ll_adc.o
LOAD ./User_Drivers/Bluetooth/bluetooth.o
LOAD ./User_Drivers/Delay/delay.o
LOAD ./User_Drivers/OLED/oled.o
LOAD ./User_Drivers/USART/retarget.o
LOAD ./User_Drivers/USART/uart_callback.o
LOAD ./User_Drivers/Utils/utils.o
LOAD ./User_Drivers/WS2812/animation.o
LOAD ./User_Drivers/WS2812/ws2812.o
START GROUP
LOAD c:/st/stm32cubeide_1.10.0/stm32cubeide/plugins/com.st.stm32cube.ide.mcu.externaltools.gnu-tools-for-stm32.10.3-2021.10.win32_1.0.0.202111181127/tools/bin/../lib/gcc/arm-none-eabi/10.3.1/../../../../arm-none-eabi/lib/thumb/v7e-m+fp/hard\libstdc++_nano.a
LOAD c:/st/stm32cubeide_1.10.0/stm32cubeide/plugins/com.st.stm32cube.ide.mcu.externaltools.gnu-tools-for-stm32.10.3-2021.10.win32_1.0.0.202111181127/tools/bin/../lib/gcc/arm-none-eabi/10.3.1/../../../../arm-none-eabi/lib/thumb/v7e-m+fp/hard\libsupc++_nano.a
END GROUP
LOAD c:/st/stm32cubeide_1.10.0/stm32cubeide/plugins/com.st.stm32cube.ide.mcu.externaltools.gnu-tools-for-stm32.10.3-2021.10.win32_1.0.0.202111181127/tools/bin/../lib/gcc/arm-none-eabi/10.3.1/../../../../arm-none-eabi/lib/thumb/v7e-m+fp/hard\libstdc++_nano.a
LOAD c:/st/stm32cubeide_1.10.0/stm32cubeide/plugins/com.st.stm32cube.ide.mcu.externaltools.gnu-tools-for-stm32.10.3-2021.10.win32_1.0.0.202111181127/tools/bin/../lib/gcc/arm-none-eabi/10.3.1/../../../../arm-none-eabi/lib/thumb/v7e-m+fp/hard\libm.a
LOAD c:/st/stm32cubeide_1.10.0/stm32cubeide/plugins/com.st.stm32cube.ide.mcu.externaltools.gnu-tools-for-stm32.10.3-2021.10.win32_1.0.0.202111181127/tools/bin/../lib/gcc/arm-none-eabi/10.3.1/../../../../arm-none-eabi/lib/thumb/v7e-m+fp/hard\libc_nano.a
START GROUP
LOAD c:/st/stm32cubeide_1.10.0/stm32cubeide/plugins/com.st.stm32cube.ide.mcu.externaltools.gnu-tools-for-stm32.10.3-2021.10.win32_1.0.0.202111181127/tools/bin/../lib/gcc/arm-none-eabi/10.3.1/thumb/v7e-m+fp/hard\libgcc.a
LOAD c:/st/stm32cubeide_1.10.0/stm32cubeide/plugins/com.st.stm32cube.ide.mcu.externaltools.gnu-tools-for-stm32.10.3-2021.10.win32_1.0.0.202111181127/tools/bin/../lib/gcc/arm-none-eabi/10.3.1/../../../../arm-none-eabi/lib/thumb/v7e-m+fp/hard\libc_nano.a
END GROUP
START GROUP
LOAD c:/st/stm32cubeide_1.10.0/stm32cubeide/plugins/com.st.stm32cube.ide.mcu.externaltools.gnu-tools-for-stm32.10.3-2021.10.win32_1.0.0.202111181127/tools/bin/../lib/gcc/arm-none-eabi/10.3.1/thumb/v7e-m+fp/hard\libgcc.a
LOAD c:/st/stm32cubeide_1.10.0/stm32cubeide/plugins/com.st.stm32cube.ide.mcu.externaltools.gnu-tools-for-stm32.10.3-2021.10.win32_1.0.0.202111181127/tools/bin/../lib/gcc/arm-none-eabi/10.3.1/../../../../arm-none-eabi/lib/thumb/v7e-m+fp/hard\libc_nano.a
LOAD c:/st/stm32cubeide_1.10.0/stm32cubeide/plugins/com.st.stm32cube.ide.mcu.externaltools.gnu-tools-for-stm32.10.3-2021.10.win32_1.0.0.202111181127/tools/bin/../lib/gcc/arm-none-eabi/10.3.1/../../../../arm-none-eabi/lib/thumb/v7e-m+fp/hard\libnosys.a
END GROUP
START GROUP
LOAD c:/st/stm32cubeide_1.10.0/stm32cubeide/plugins/com.st.stm32cube.ide.mcu.externaltools.gnu-tools-for-stm32.10.3-2021.10.win32_1.0.0.202111181127/tools/bin/../lib/gcc/arm-none-eabi/10.3.1/thumb/v7e-m+fp/hard\libgcc.a
LOAD c:/st/stm32cubeide_1.10.0/stm32cubeide/plugins/com.st.stm32cube.ide.mcu.externaltools.gnu-tools-for-stm32.10.3-2021.10.win32_1.0.0.202111181127/tools/bin/../lib/gcc/arm-none-eabi/10.3.1/../../../../arm-none-eabi/lib/thumb/v7e-m+fp/hard\libc_nano.a
LOAD c:/st/stm32cubeide_1.10.0/stm32cubeide/plugins/com.st.stm32cube.ide.mcu.externaltools.gnu-tools-for-stm32.10.3-2021.10.win32_1.0.0.202111181127/tools/bin/../lib/gcc/arm-none-eabi/10.3.1/../../../../arm-none-eabi/lib/thumb/v7e-m+fp/hard\libnosys.a
END GROUP
LOAD c:/st/stm32cubeide_1.10.0/stm32cubeide/plugins/com.st.stm32cube.ide.mcu.externaltools.gnu-tools-for-stm32.10.3-2021.10.win32_1.0.0.202111181127/tools/bin/../lib/gcc/arm-none-eabi/10.3.1/thumb/v7e-m+fp/hard/crtend.o
LOAD c:/st/stm32cubeide_1.10.0/stm32cubeide/plugins/com.st.stm32cube.ide.mcu.externaltools.gnu-tools-for-stm32.10.3-2021.10.win32_1.0.0.202111181127/tools/bin/../lib/gcc/arm-none-eabi/10.3.1/thumb/v7e-m+fp/hard/crtn.o
                0x0000000020020000                _estack = (ORIGIN (RAM) + LENGTH (RAM))
                0x0000000000000200                _Min_Heap_Size = 0x200
                0x0000000000000400                _Min_Stack_Size = 0x400

.isr_vector     0x0000000008000000      0x198
                0x0000000008000000                . = ALIGN (0x4)
 *(.isr_vector)
 .isr_vector    0x0000000008000000      0x198 ./Core/Startup/startup_stm32f411ceux.o
                0x0000000008000000                g_pfnVectors
                0x0000000008000198                . = ALIGN (0x4)

.text           0x00000000080001a0     0xc7a0
                0x00000000080001a0                . = ALIGN (0x4)
 *(.text)
 .text          0x00000000080001a0       0x40 c:/st/stm32cubeide_1.10.0/stm32cubeide/plugins/com.st.stm32cube.ide.mcu.externaltools.gnu-tools-for-stm32.10.3-2021.10.win32_1.0.0.202111181127/tools/bin/../lib/gcc/arm-none-eabi/10.3.1/thumb/v7e-m+fp/hard/crtbegin.o
 .text          0x00000000080001e0       0x10 c:/st/stm32cubeide_1.10.0/stm32cubeide/plugins/com.st.stm32cube.ide.mcu.externaltools.gnu-tools-for-stm32.10.3-2021.10.win32_1.0.0.202111181127/tools/bin/../lib/gcc/arm-none-eabi/10.3.1/../../../../arm-none-eabi/lib/thumb/v7e-m+fp/hard\libc_nano.a(lib_a-strlen.o)
                0x00000000080001e0                strlen
 .text          0x00000000080001f0       0xa0 c:/st/stm32cubeide_1.10.0/stm32cubeide/plugins/com.st.stm32cube.ide.mcu.externaltools.gnu-tools-for-stm32.10.3-2021.10.win32_1.0.0.202111181127/tools/bin/../lib/gcc/arm-none-eabi/10.3.1/../../../../arm-none-eabi/lib/thumb/v7e-m+fp/hard\libc_nano.a(lib_a-memchr.o)
                0x00000000080001f0                memchr
 .text          0x0000000008000290      0x378 c:/st/stm32cubeide_1.10.0/stm32cubeide/plugins/com.st.stm32cube.ide.mcu.externaltools.gnu-tools-for-stm32.10.3-2021.10.win32_1.0.0.202111181127/tools/bin/../lib/gcc/arm-none-eabi/10.3.1/thumb/v7e-m+fp/hard\libgcc.a(_arm_addsubdf3.o)
                0x0000000008000290                __aeabi_drsub
                0x0000000008000298                __aeabi_dsub
                0x0000000008000298                __subdf3
                0x000000000800029c                __aeabi_dadd
                0x000000000800029c                __adddf3
                0x0000000008000514                __floatunsidf
                0x0000000008000514                __aeabi_ui2d
                0x0000000008000534                __floatsidf
                0x0000000008000534                __aeabi_i2d
                0x0000000008000558                __aeabi_f2d
                0x0000000008000558                __extendsfdf2
                0x000000000800059c                __floatundidf
                0x000000000800059c                __aeabi_ul2d
                0x00000000080005ac                __floatdidf
                0x00000000080005ac                __aeabi_l2d
 .text          0x0000000008000608      0x424 c:/st/stm32cubeide_1.10.0/stm32cubeide/plugins/com.st.stm32cube.ide.mcu.externaltools.gnu-tools-for-stm32.10.3-2021.10.win32_1.0.0.202111181127/tools/bin/../lib/gcc/arm-none-eabi/10.3.1/thumb/v7e-m+fp/hard\libgcc.a(_arm_muldivdf3.o)
                0x0000000008000608                __aeabi_dmul
                0x0000000008000608                __muldf3
                0x000000000800085c                __divdf3
                0x000000000800085c                __aeabi_ddiv
 .text          0x0000000008000a2c       0xa0 c:/st/stm32cubeide_1.10.0/stm32cubeide/plugins/com.st.stm32cube.ide.mcu.externaltools.gnu-tools-for-stm32.10.3-2021.10.win32_1.0.0.202111181127/tools/bin/../lib/gcc/arm-none-eabi/10.3.1/thumb/v7e-m+fp/hard\libgcc.a(_arm_truncdfsf2.o)
                0x0000000008000a2c                __truncdfsf2
                0x0000000008000a2c                __aeabi_d2f
 .text          0x0000000008000acc       0x30 c:/st/stm32cubeide_1.10.0/stm32cubeide/plugins/com.st.stm32cube.ide.mcu.externaltools.gnu-tools-for-stm32.10.3-2021.10.win32_1.0.0.202111181127/tools/bin/../lib/gcc/arm-none-eabi/10.3.1/thumb/v7e-m+fp/hard\libgcc.a(_aeabi_uldivmod.o)
                0x0000000008000acc                __aeabi_uldivmod
 .text          0x0000000008000afc      0x2d0 c:/st/stm32cubeide_1.10.0/stm32cubeide/plugins/com.st.stm32cube.ide.mcu.externaltools.gnu-tools-for-stm32.10.3-2021.10.win32_1.0.0.202111181127/tools/bin/../lib/gcc/arm-none-eabi/10.3.1/thumb/v7e-m+fp/hard\libgcc.a(_udivmoddi4.o)
                0x0000000008000afc                __udivmoddi4
 .text          0x0000000008000dcc        0x4 c:/st/stm32cubeide_1.10.0/stm32cubeide/plugins/com.st.stm32cube.ide.mcu.externaltools.gnu-tools-for-stm32.10.3-2021.10.win32_1.0.0.202111181127/tools/bin/../lib/gcc/arm-none-eabi/10.3.1/thumb/v7e-m+fp/hard\libgcc.a(_dvmd_tls.o)
                0x0000000008000dcc                __aeabi_idiv0
                0x0000000008000dcc                __aeabi_ldiv0
 *(.text*)
 .text.MX_ADC1_Init
                0x0000000008000dd0       0xa4 ./Core/Src/adc.o
                0x0000000008000dd0                MX_ADC1_Init
 .text.HAL_ADC_MspInit
                0x0000000008000e74      0x100 ./Core/Src/adc.o
                0x0000000008000e74                HAL_ADC_MspInit
 .text.MX_DMA_Init
                0x0000000008000f74       0xcc ./Core/Src/dma.o
                0x0000000008000f74                MX_DMA_Init
 .text.MX_GPIO_Init
                0x0000000008001040      0x104 ./Core/Src/gpio.o
                0x0000000008001040                MX_GPIO_Init
 .text.main     0x0000000008001144     0x1fec ./Core/Src/main.o
                0x0000000008001144                main
 .text.SystemClock_Config
                0x0000000008003130       0xd0 ./Core/Src/main.o
                0x0000000008003130                SystemClock_Config
 .text.HAL_GPIO_EXTI_Callback
                0x0000000008003200       0x4c ./Core/Src/main.o
                0x0000000008003200                HAL_GPIO_EXTI_Callback
 .text.Error_Handler
                0x000000000800324c        0xa ./Core/Src/main.o
                0x000000000800324c                Error_Handler
 *fill*         0x0000000008003256        0x2 
 .text.HAL_MspInit
                0x0000000008003258       0x50 ./Core/Src/stm32f4xx_hal_msp.o
                0x0000000008003258                HAL_MspInit
 .text.NMI_Handler
                0x00000000080032a8        0x6 ./Core/Src/stm32f4xx_it.o
                0x00000000080032a8                NMI_Handler
 .text.HardFault_Handler
                0x00000000080032ae        0x6 ./Core/Src/stm32f4xx_it.o
                0x00000000080032ae                HardFault_Handler
 .text.MemManage_Handler
                0x00000000080032b4        0x6 ./Core/Src/stm32f4xx_it.o
                0x00000000080032b4                MemManage_Handler
 .text.BusFault_Handler
                0x00000000080032ba        0x6 ./Core/Src/stm32f4xx_it.o
                0x00000000080032ba                BusFault_Handler
 .text.UsageFault_Handler
                0x00000000080032c0        0x6 ./Core/Src/stm32f4xx_it.o
                0x00000000080032c0                UsageFault_Handler
 .text.SVC_Handler
                0x00000000080032c6        0xe ./Core/Src/stm32f4xx_it.o
                0x00000000080032c6                SVC_Handler
 .text.DebugMon_Handler
                0x00000000080032d4        0xe ./Core/Src/stm32f4xx_it.o
                0x00000000080032d4                DebugMon_Handler
 .text.PendSV_Handler
                0x00000000080032e2        0xe ./Core/Src/stm32f4xx_it.o
                0x00000000080032e2                PendSV_Handler
 .text.SysTick_Handler
                0x00000000080032f0       0x60 ./Core/Src/stm32f4xx_it.o
                0x00000000080032f0                SysTick_Handler
 .text.DMA1_Stream1_IRQHandler
                0x0000000008003350       0x14 ./Core/Src/stm32f4xx_it.o
                0x0000000008003350                DMA1_Stream1_IRQHandler
 .text.DMA1_Stream2_IRQHandler
                0x0000000008003364       0x14 ./Core/Src/stm32f4xx_it.o
                0x0000000008003364                DMA1_Stream2_IRQHandler
 .text.DMA1_Stream4_IRQHandler
                0x0000000008003378       0x14 ./Core/Src/stm32f4xx_it.o
                0x0000000008003378                DMA1_Stream4_IRQHandler
 .text.DMA1_Stream5_IRQHandler
                0x000000000800338c       0x14 ./Core/Src/stm32f4xx_it.o
                0x000000000800338c                DMA1_Stream5_IRQHandler
 .text.ADC_IRQHandler
                0x00000000080033a0       0x14 ./Core/Src/stm32f4xx_it.o
                0x00000000080033a0                ADC_IRQHandler
 .text.TIM2_IRQHandler
                0x00000000080033b4       0x14 ./Core/Src/stm32f4xx_it.o
                0x00000000080033b4                TIM2_IRQHandler
 .text.TIM3_IRQHandler
                0x00000000080033c8       0x14 ./Core/Src/stm32f4xx_it.o
                0x00000000080033c8                TIM3_IRQHandler
 .text.USART1_IRQHandler
                0x00000000080033dc       0x14 ./Core/Src/stm32f4xx_it.o
                0x00000000080033dc                USART1_IRQHandler
 .text.EXTI15_10_IRQHandler
                0x00000000080033f0       0x10 ./Core/Src/stm32f4xx_it.o
                0x00000000080033f0                EXTI15_10_IRQHandler
 .text.DMA1_Stream7_IRQHandler
                0x0000000008003400       0x14 ./Core/Src/stm32f4xx_it.o
                0x0000000008003400                DMA1_Stream7_IRQHandler
 .text.DMA2_Stream1_IRQHandler
                0x0000000008003414       0x14 ./Core/Src/stm32f4xx_it.o
                0x0000000008003414                DMA2_Stream1_IRQHandler
 .text.DMA2_Stream2_IRQHandler
                0x0000000008003428       0x14 ./Core/Src/stm32f4xx_it.o
                0x0000000008003428                DMA2_Stream2_IRQHandler
 .text.DMA2_Stream4_IRQHandler
                0x000000000800343c       0x14 ./Core/Src/stm32f4xx_it.o
                0x000000000800343c                DMA2_Stream4_IRQHandler
 .text.USART6_IRQHandler
                0x0000000008003450       0x14 ./Core/Src/stm32f4xx_it.o
                0x0000000008003450                USART6_IRQHandler
 .text._sbrk    0x0000000008003464       0x6c ./Core/Src/sysmem.o
                0x0000000008003464                _sbrk
 .text.SystemInit
                0x00000000080034d0       0x24 ./Core/Src/system_stm32f4xx.o
                0x00000000080034d0                SystemInit
 .text.MX_TIM2_Init
                0x00000000080034f4       0xe8 ./Core/Src/tim.o
                0x00000000080034f4                MX_TIM2_Init
 .text.MX_TIM3_Init
                0x00000000080035dc      0x12c ./Core/Src/tim.o
                0x00000000080035dc                MX_TIM3_Init
 .text.MX_TIM4_Init
                0x0000000008003708       0xac ./Core/Src/tim.o
                0x0000000008003708                MX_TIM4_Init
 .text.HAL_TIM_Base_MspInit
                0x00000000080037b4      0x2c0 ./Core/Src/tim.o
                0x00000000080037b4                HAL_TIM_Base_MspInit
 .text.HAL_TIM_PWM_MspInit
                0x0000000008003a74       0x44 ./Core/Src/tim.o
                0x0000000008003a74                HAL_TIM_PWM_MspInit
 .text.HAL_TIM_MspPostInit
                0x0000000008003ab8       0xfc ./Core/Src/tim.o
                0x0000000008003ab8                HAL_TIM_MspPostInit
 .text.MX_USART1_UART_Init
                0x0000000008003bb4       0x54 ./Core/Src/usart.o
                0x0000000008003bb4                MX_USART1_UART_Init
 .text.MX_USART6_UART_Init
                0x0000000008003c08       0x54 ./Core/Src/usart.o
                0x0000000008003c08                MX_USART6_UART_Init
 .text.HAL_UART_MspInit
                0x0000000008003c5c      0x1e8 ./Core/Src/usart.o
                0x0000000008003c5c                HAL_UART_MspInit
 .text.Reset_Handler
                0x0000000008003e44       0x50 ./Core/Startup/startup_stm32f411ceux.o
                0x0000000008003e44                Reset_Handler
 .text.Default_Handler
                0x0000000008003e94        0x2 ./Core/Startup/startup_stm32f411ceux.o
                0x0000000008003e94                RTC_Alarm_IRQHandler
                0x0000000008003e94                EXTI2_IRQHandler
                0x0000000008003e94                SPI4_IRQHandler
                0x0000000008003e94                TIM1_CC_IRQHandler
                0x0000000008003e94                DMA2_Stream5_IRQHandler
                0x0000000008003e94                PVD_IRQHandler
                0x0000000008003e94                SDIO_IRQHandler
                0x0000000008003e94                TAMP_STAMP_IRQHandler
                0x0000000008003e94                EXTI3_IRQHandler
                0x0000000008003e94                TIM1_UP_TIM10_IRQHandler
                0x0000000008003e94                I2C3_ER_IRQHandler
                0x0000000008003e94                EXTI0_IRQHandler
                0x0000000008003e94                I2C2_EV_IRQHandler
                0x0000000008003e94                FPU_IRQHandler
                0x0000000008003e94                SPI1_IRQHandler
                0x0000000008003e94                TIM1_BRK_TIM9_IRQHandler
                0x0000000008003e94                DMA2_Stream3_IRQHandler
                0x0000000008003e94                DMA2_Stream0_IRQHandler
                0x0000000008003e94                TIM4_IRQHandler
                0x0000000008003e94                I2C1_EV_IRQHandler
                0x0000000008003e94                DMA1_Stream6_IRQHandler
                0x0000000008003e94                RCC_IRQHandler
                0x0000000008003e94                Default_Handler
                0x0000000008003e94                SPI5_IRQHandler
                0x0000000008003e94                TIM5_IRQHandler
                0x0000000008003e94                DMA2_Stream7_IRQHandler
                0x0000000008003e94                I2C3_EV_IRQHandler
                0x0000000008003e94                EXTI9_5_IRQHandler
                0x0000000008003e94                RTC_WKUP_IRQHandler
                0x0000000008003e94                SPI2_IRQHandler
                0x0000000008003e94                DMA1_Stream0_IRQHandler
                0x0000000008003e94                EXTI4_IRQHandler
                0x0000000008003e94                WWDG_IRQHandler
                0x0000000008003e94                OTG_FS_WKUP_IRQHandler
                0x0000000008003e94                TIM1_TRG_COM_TIM11_IRQHandler
                0x0000000008003e94                EXTI1_IRQHandler
                0x0000000008003e94                USART2_IRQHandler
                0x0000000008003e94                I2C2_ER_IRQHandler
                0x0000000008003e94                FLASH_IRQHandler
                0x0000000008003e94                OTG_FS_IRQHandler
                0x0000000008003e94                SPI3_IRQHandler
                0x0000000008003e94                I2C1_ER_IRQHandler
                0x0000000008003e94                DMA2_Stream6_IRQHandler
                0x0000000008003e94                DMA1_Stream3_IRQHandler
 *fill*         0x0000000008003e96        0x2 
 .text.HAL_Init
                0x0000000008003e98       0x44 ./Drivers/STM32F4xx_HAL_Driver/Src/stm32f4xx_hal.o
                0x0000000008003e98                HAL_Init
 .text.HAL_InitTick
                0x0000000008003edc       0x60 ./Drivers/STM32F4xx_HAL_Driver/Src/stm32f4xx_hal.o
                0x0000000008003edc                HAL_InitTick
 .text.HAL_IncTick
                0x0000000008003f3c       0x28 ./Drivers/STM32F4xx_HAL_Driver/Src/stm32f4xx_hal.o
                0x0000000008003f3c                HAL_IncTick
 .text.HAL_GetTick
                0x0000000008003f64       0x18 ./Drivers/STM32F4xx_HAL_Driver/Src/stm32f4xx_hal.o
                0x0000000008003f64                HAL_GetTick
 .text.HAL_Delay
                0x0000000008003f7c       0x48 ./Drivers/STM32F4xx_HAL_Driver/Src/stm32f4xx_hal.o
                0x0000000008003f7c                HAL_Delay
 .text.HAL_ADC_Init
                0x0000000008003fc4       0x86 ./Drivers/STM32F4xx_HAL_Driver/Src/stm32f4xx_hal_adc.o
                0x0000000008003fc4                HAL_ADC_Init
 .text.HAL_ADC_IRQHandler
                0x000000000800404a      0x220 ./Drivers/STM32F4xx_HAL_Driver/Src/stm32f4xx_hal_adc.o
                0x000000000800404a                HAL_ADC_IRQHandler
 *fill*         0x000000000800426a        0x2 
 .text.HAL_ADC_Start_DMA
                0x000000000800426c      0x1e0 ./Drivers/STM32F4xx_HAL_Driver/Src/stm32f4xx_hal_adc.o
                0x000000000800426c                HAL_ADC_Start_DMA
 .text.HAL_ADC_ConvCpltCallback
                0x000000000800444c       0x14 ./Drivers/STM32F4xx_HAL_Driver/Src/stm32f4xx_hal_adc.o
                0x000000000800444c                HAL_ADC_ConvCpltCallback
 .text.HAL_ADC_ConvHalfCpltCallback
                0x0000000008004460       0x14 ./Drivers/STM32F4xx_HAL_Driver/Src/stm32f4xx_hal_adc.o
                0x0000000008004460                HAL_ADC_ConvHalfCpltCallback
 .text.HAL_ADC_LevelOutOfWindowCallback
                0x0000000008004474       0x14 ./Drivers/STM32F4xx_HAL_Driver/Src/stm32f4xx_hal_adc.o
                0x0000000008004474                HAL_ADC_LevelOutOfWindowCallback
 .text.HAL_ADC_ErrorCallback
                0x0000000008004488       0x14 ./Drivers/STM32F4xx_HAL_Driver/Src/stm32f4xx_hal_adc.o
                0x0000000008004488                HAL_ADC_ErrorCallback
 .text.HAL_ADC_ConfigChannel
                0x000000000800449c      0x264 ./Drivers/STM32F4xx_HAL_Driver/Src/stm32f4xx_hal_adc.o
                0x000000000800449c                HAL_ADC_ConfigChannel
 .text.ADC_Init
                0x0000000008004700      0x1f8 ./Drivers/STM32F4xx_HAL_Driver/Src/stm32f4xx_hal_adc.o
 .text.ADC_DMAConvCplt
                0x00000000080048f8       0xba ./Drivers/STM32F4xx_HAL_Driver/Src/stm32f4xx_hal_adc.o
 .text.ADC_DMAHalfConvCplt
                0x00000000080049b2       0x1c ./Drivers/STM32F4xx_HAL_Driver/Src/stm32f4xx_hal_adc.o
 .text.ADC_DMAError
                0x00000000080049ce       0x2e ./Drivers/STM32F4xx_HAL_Driver/Src/stm32f4xx_hal_adc.o
 .text.HAL_ADCEx_InjectedConvCpltCallback
                0x00000000080049fc       0x14 ./Drivers/STM32F4xx_HAL_Driver/Src/stm32f4xx_hal_adc_ex.o
                0x00000000080049fc                HAL_ADCEx_InjectedConvCpltCallback
 .text.__NVIC_SetPriorityGrouping
                0x0000000008004a10       0x48 ./Drivers/STM32F4xx_HAL_Driver/Src/stm32f4xx_hal_cortex.o
 .text.__NVIC_GetPriorityGrouping
                0x0000000008004a58       0x1c ./Drivers/STM32F4xx_HAL_Driver/Src/stm32f4xx_hal_cortex.o
 .text.__NVIC_EnableIRQ
                0x0000000008004a74       0x3c ./Drivers/STM32F4xx_HAL_Driver/Src/stm32f4xx_hal_cortex.o
 .text.__NVIC_SetPriority
                0x0000000008004ab0       0x54 ./Drivers/STM32F4xx_HAL_Driver/Src/stm32f4xx_hal_cortex.o
 .text.NVIC_EncodePriority
                0x0000000008004b04       0x66 ./Drivers/STM32F4xx_HAL_Driver/Src/stm32f4xx_hal_cortex.o
 *fill*         0x0000000008004b6a        0x2 
 .text.SysTick_Config
                0x0000000008004b6c       0x44 ./Drivers/STM32F4xx_HAL_Driver/Src/stm32f4xx_hal_cortex.o
 .text.HAL_NVIC_SetPriorityGrouping
                0x0000000008004bb0       0x16 ./Drivers/STM32F4xx_HAL_Driver/Src/stm32f4xx_hal_cortex.o
                0x0000000008004bb0                HAL_NVIC_SetPriorityGrouping
 .text.HAL_NVIC_SetPriority
                0x0000000008004bc6       0x38 ./Drivers/STM32F4xx_HAL_Driver/Src/stm32f4xx_hal_cortex.o
                0x0000000008004bc6                HAL_NVIC_SetPriority
 .text.HAL_NVIC_EnableIRQ
                0x0000000008004bfe       0x1c ./Drivers/STM32F4xx_HAL_Driver/Src/stm32f4xx_hal_cortex.o
                0x0000000008004bfe                HAL_NVIC_EnableIRQ
 .text.HAL_SYSTICK_Config
                0x0000000008004c1a       0x18 ./Drivers/STM32F4xx_HAL_Driver/Src/stm32f4xx_hal_cortex.o
                0x0000000008004c1a                HAL_SYSTICK_Config
 *fill*         0x0000000008004c32        0x2 
 .text.HAL_DMA_Init
                0x0000000008004c34      0x15c ./Drivers/STM32F4xx_HAL_Driver/Src/stm32f4xx_hal_dma.o
                0x0000000008004c34                HAL_DMA_Init
 .text.HAL_DMA_Start_IT
                0x0000000008004d90       0xb0 ./Drivers/STM32F4xx_HAL_Driver/Src/stm32f4xx_hal_dma.o
                0x0000000008004d90                HAL_DMA_Start_IT
 .text.HAL_DMA_Abort
                0x0000000008004e40       0xe0 ./Drivers/STM32F4xx_HAL_Driver/Src/stm32f4xx_hal_dma.o
                0x0000000008004e40                HAL_DMA_Abort
 .text.HAL_DMA_Abort_IT
                0x0000000008004f20       0x44 ./Drivers/STM32F4xx_HAL_Driver/Src/stm32f4xx_hal_dma.o
                0x0000000008004f20                HAL_DMA_Abort_IT
 .text.HAL_DMA_IRQHandler
                0x0000000008004f64      0x314 ./Drivers/STM32F4xx_HAL_Driver/Src/stm32f4xx_hal_dma.o
                0x0000000008004f64                HAL_DMA_IRQHandler
 .text.DMA_SetConfig
                0x0000000008005278       0x5c ./Drivers/STM32F4xx_HAL_Driver/Src/stm32f4xx_hal_dma.o
 .text.DMA_CalcBaseAndBitshift
                0x00000000080052d4       0x6c ./Drivers/STM32F4xx_HAL_Driver/Src/stm32f4xx_hal_dma.o
 .text.DMA_CheckFifoParam
                0x0000000008005340       0xf8 ./Drivers/STM32F4xx_HAL_Driver/Src/stm32f4xx_hal_dma.o
 .text.HAL_GPIO_Init
                0x0000000008005438      0x308 ./Drivers/STM32F4xx_HAL_Driver/Src/stm32f4xx_hal_gpio.o
                0x0000000008005438                HAL_GPIO_Init
 .text.HAL_GPIO_ReadPin
                0x0000000008005740       0x30 ./Drivers/STM32F4xx_HAL_Driver/Src/stm32f4xx_hal_gpio.o
                0x0000000008005740                HAL_GPIO_ReadPin
 .text.HAL_GPIO_WritePin
                0x0000000008005770       0x32 ./Drivers/STM32F4xx_HAL_Driver/Src/stm32f4xx_hal_gpio.o
                0x0000000008005770                HAL_GPIO_WritePin
 *fill*         0x00000000080057a2        0x2 
 .text.HAL_GPIO_EXTI_IRQHandler
                0x00000000080057a4       0x30 ./Drivers/STM32F4xx_HAL_Driver/Src/stm32f4xx_hal_gpio.o
                0x00000000080057a4                HAL_GPIO_EXTI_IRQHandler
 .text.HAL_RCC_OscConfig
                0x00000000080057d4      0x4f0 ./Drivers/STM32F4xx_HAL_Driver/Src/stm32f4xx_hal_rcc.o
                0x00000000080057d4                HAL_RCC_OscConfig
 .text.HAL_RCC_ClockConfig
                0x0000000008005cc4      0x1cc ./Drivers/STM32F4xx_HAL_Driver/Src/stm32f4xx_hal_rcc.o
                0x0000000008005cc4                HAL_RCC_ClockConfig
 .text.HAL_RCC_GetSysClockFreq
                0x0000000008005e90      0x18c ./Drivers/STM32F4xx_HAL_Driver/Src/stm32f4xx_hal_rcc.o
                0x0000000008005e90                HAL_RCC_GetSysClockFreq
 .text.HAL_RCC_GetHCLKFreq
                0x000000000800601c       0x18 ./Drivers/STM32F4xx_HAL_Driver/Src/stm32f4xx_hal_rcc.o
                0x000000000800601c                HAL_RCC_GetHCLKFreq
 .text.HAL_RCC_GetPCLK1Freq
                0x0000000008006034       0x28 ./Drivers/STM32F4xx_HAL_Driver/Src/stm32f4xx_hal_rcc.o
                0x0000000008006034                HAL_RCC_GetPCLK1Freq
 .text.HAL_RCC_GetPCLK2Freq
                0x000000000800605c       0x28 ./Drivers/STM32F4xx_HAL_Driver/Src/stm32f4xx_hal_rcc.o
                0x000000000800605c                HAL_RCC_GetPCLK2Freq
 .text.HAL_TIM_Base_Init
                0x0000000008006084       0x9e ./Drivers/STM32F4xx_HAL_Driver/Src/stm32f4xx_hal_tim.o
                0x0000000008006084                HAL_TIM_Base_Init
 .text.HAL_TIM_PWM_Init
                0x0000000008006122       0x9e ./Drivers/STM32F4xx_HAL_Driver/Src/stm32f4xx_hal_tim.o
                0x0000000008006122                HAL_TIM_PWM_Init
 .text.HAL_TIM_PWM_Start_DMA
                0x00000000080061c0      0x360 ./Drivers/STM32F4xx_HAL_Driver/Src/stm32f4xx_hal_tim.o
                0x00000000080061c0                HAL_TIM_PWM_Start_DMA
 .text.HAL_TIM_IRQHandler
                0x0000000008006520      0x210 ./Drivers/STM32F4xx_HAL_Driver/Src/stm32f4xx_hal_tim.o
                0x0000000008006520                HAL_TIM_IRQHandler
 .text.HAL_TIM_PWM_ConfigChannel
                0x0000000008006730      0x184 ./Drivers/STM32F4xx_HAL_Driver/Src/stm32f4xx_hal_tim.o
                0x0000000008006730                HAL_TIM_PWM_ConfigChannel
 .text.HAL_TIM_ConfigClockSource
                0x00000000080068b4      0x18e ./Drivers/STM32F4xx_HAL_Driver/Src/stm32f4xx_hal_tim.o
                0x00000000080068b4                HAL_TIM_ConfigClockSource
 .text.HAL_TIM_PeriodElapsedCallback
                0x0000000008006a42       0x14 ./Drivers/STM32F4xx_HAL_Driver/Src/stm32f4xx_hal_tim.o
                0x0000000008006a42                HAL_TIM_PeriodElapsedCallback
 .text.HAL_TIM_OC_DelayElapsedCallback
                0x0000000008006a56       0x14 ./Drivers/STM32F4xx_HAL_Driver/Src/stm32f4xx_hal_tim.o
                0x0000000008006a56                HAL_TIM_OC_DelayElapsedCallback
 .text.HAL_TIM_IC_CaptureCallback
                0x0000000008006a6a       0x14 ./Drivers/STM32F4xx_HAL_Driver/Src/stm32f4xx_hal_tim.o
                0x0000000008006a6a                HAL_TIM_IC_CaptureCallback
 .text.HAL_TIM_PWM_PulseFinishedCallback
                0x0000000008006a7e       0x14 ./Drivers/STM32F4xx_HAL_Driver/Src/stm32f4xx_hal_tim.o
                0x0000000008006a7e                HAL_TIM_PWM_PulseFinishedCallback
 .text.HAL_TIM_PWM_PulseFinishedHalfCpltCallback
                0x0000000008006a92       0x14 ./Drivers/STM32F4xx_HAL_Driver/Src/stm32f4xx_hal_tim.o
                0x0000000008006a92                HAL_TIM_PWM_PulseFinishedHalfCpltCallback
 .text.HAL_TIM_TriggerCallback
                0x0000000008006aa6       0x14 ./Drivers/STM32F4xx_HAL_Driver/Src/stm32f4xx_hal_tim.o
                0x0000000008006aa6                HAL_TIM_TriggerCallback
 .text.HAL_TIM_ErrorCallback
                0x0000000008006aba       0x14 ./Drivers/STM32F4xx_HAL_Driver/Src/stm32f4xx_hal_tim.o
                0x0000000008006aba                HAL_TIM_ErrorCallback
 .text.TIM_DMAError
                0x0000000008006ace       0x92 ./Drivers/STM32F4xx_HAL_Driver/Src/stm32f4xx_hal_tim.o
                0x0000000008006ace                TIM_DMAError
 .text.TIM_DMADelayPulseCplt
                0x0000000008006b60       0xa8 ./Drivers/STM32F4xx_HAL_Driver/Src/stm32f4xx_hal_tim.o
 .text.TIM_DMADelayPulseHalfCplt
                0x0000000008006c08       0x68 ./Drivers/STM32F4xx_HAL_Driver/Src/stm32f4xx_hal_tim.o
                0x0000000008006c08                TIM_DMADelayPulseHalfCplt
 .text.TIM_Base_SetConfig
                0x0000000008006c70      0x100 ./Drivers/STM32F4xx_HAL_Driver/Src/stm32f4xx_hal_tim.o
                0x0000000008006c70                TIM_Base_SetConfig
 .text.TIM_OC1_SetConfig
                0x0000000008006d70       0xcc ./Drivers/STM32F4xx_HAL_Driver/Src/stm32f4xx_hal_tim.o
 .text.TIM_OC2_SetConfig
                0x0000000008006e3c       0xd8 ./Drivers/STM32F4xx_HAL_Driver/Src/stm32f4xx_hal_tim.o
                0x0000000008006e3c                TIM_OC2_SetConfig
 .text.TIM_OC3_SetConfig
                0x0000000008006f14       0xd4 ./Drivers/STM32F4xx_HAL_Driver/Src/stm32f4xx_hal_tim.o
 .text.TIM_OC4_SetConfig
                0x0000000008006fe8       0xa0 ./Drivers/STM32F4xx_HAL_Driver/Src/stm32f4xx_hal_tim.o
 .text.TIM_TI1_ConfigInputStage
                0x0000000008007088       0x5e ./Drivers/STM32F4xx_HAL_Driver/Src/stm32f4xx_hal_tim.o
 .text.TIM_TI2_ConfigInputStage
                0x00000000080070e6       0x60 ./Drivers/STM32F4xx_HAL_Driver/Src/stm32f4xx_hal_tim.o
 .text.TIM_ITRx_SetConfig
                0x0000000008007146       0x36 ./Drivers/STM32F4xx_HAL_Driver/Src/stm32f4xx_hal_tim.o
 .text.TIM_ETR_SetConfig
                0x000000000800717c       0x40 ./Drivers/STM32F4xx_HAL_Driver/Src/stm32f4xx_hal_tim.o
                0x000000000800717c                TIM_ETR_SetConfig
 .text.TIM_CCxChannelCmd
                0x00000000080071bc       0x4a ./Drivers/STM32F4xx_HAL_Driver/Src/stm32f4xx_hal_tim.o
                0x00000000080071bc                TIM_CCxChannelCmd
 *fill*         0x0000000008007206        0x2 
 .text.HAL_TIMEx_MasterConfigSynchronization
                0x0000000008007208       0xdc ./Drivers/STM32F4xx_HAL_Driver/Src/stm32f4xx_hal_tim_ex.o
                0x0000000008007208                HAL_TIMEx_MasterConfigSynchronization
 .text.HAL_TIMEx_CommutCallback
                0x00000000080072e4       0x14 ./Drivers/STM32F4xx_HAL_Driver/Src/stm32f4xx_hal_tim_ex.o
                0x00000000080072e4                HAL_TIMEx_CommutCallback
 .text.HAL_TIMEx_BreakCallback
                0x00000000080072f8       0x14 ./Drivers/STM32F4xx_HAL_Driver/Src/stm32f4xx_hal_tim_ex.o
                0x00000000080072f8                HAL_TIMEx_BreakCallback
 .text.HAL_UART_Init
                0x000000000800730c       0x9a ./Drivers/STM32F4xx_HAL_Driver/Src/stm32f4xx_hal_uart.o
                0x000000000800730c                HAL_UART_Init
 .text.HAL_UART_Transmit
                0x00000000080073a6      0x124 ./Drivers/STM32F4xx_HAL_Driver/Src/stm32f4xx_hal_uart.o
                0x00000000080073a6                HAL_UART_Transmit
 .text.HAL_UART_Receive
                0x00000000080074ca      0x144 ./Drivers/STM32F4xx_HAL_Driver/Src/stm32f4xx_hal_uart.o
                0x00000000080074ca                HAL_UART_Receive
 .text.HAL_UART_Receive_DMA
                0x000000000800760e       0x60 ./Drivers/STM32F4xx_HAL_Driver/Src/stm32f4xx_hal_uart.o
                0x000000000800760e                HAL_UART_Receive_DMA
 *fill*         0x000000000800766e        0x2 
 .text.HAL_UART_IRQHandler
                0x0000000008007670      0x51c ./Drivers/STM32F4xx_HAL_Driver/Src/stm32f4xx_hal_uart.o
                0x0000000008007670                HAL_UART_IRQHandler
 .text.HAL_UART_TxCpltCallback
                0x0000000008007b8c       0x14 ./Drivers/STM32F4xx_HAL_Driver/Src/stm32f4xx_hal_uart.o
                0x0000000008007b8c                HAL_UART_TxCpltCallback
 .text.HAL_UART_RxHalfCpltCallback
                0x0000000008007ba0       0x14 ./Drivers/STM32F4xx_HAL_Driver/Src/stm32f4xx_hal_uart.o
                0x0000000008007ba0                HAL_UART_RxHalfCpltCallback
 .text.HAL_UART_ErrorCallback
                0x0000000008007bb4       0x14 ./Drivers/STM32F4xx_HAL_Driver/Src/stm32f4xx_hal_uart.o
                0x0000000008007bb4                HAL_UART_ErrorCallback
 .text.HAL_UARTEx_RxEventCallback
                0x0000000008007bc8       0x18 ./Drivers/STM32F4xx_HAL_Driver/Src/stm32f4xx_hal_uart.o
                0x0000000008007bc8                HAL_UARTEx_RxEventCallback
 .text.UART_DMAReceiveCplt
                0x0000000008007be0      0x126 ./Drivers/STM32F4xx_HAL_Driver/Src/stm32f4xx_hal_uart.o
 .text.UART_DMARxHalfCplt
                0x0000000008007d06       0x36 ./Drivers/STM32F4xx_HAL_Driver/Src/stm32f4xx_hal_uart.o
 .text.UART_DMAError
                0x0000000008007d3c       0x94 ./Drivers/STM32F4xx_HAL_Driver/Src/stm32f4xx_hal_uart.o
 .text.UART_WaitOnFlagUntilTimeout
                0x0000000008007dd0       0xdc ./Drivers/STM32F4xx_HAL_Driver/Src/stm32f4xx_hal_uart.o
 .text.UART_Start_Receive_DMA
                0x0000000008007eac      0x13c ./Drivers/STM32F4xx_HAL_Driver/Src/stm32f4xx_hal_uart.o
                0x0000000008007eac                UART_Start_Receive_DMA
 .text.UART_EndTxTransfer
                0x0000000008007fe8       0x50 ./Drivers/STM32F4xx_HAL_Driver/Src/stm32f4xx_hal_uart.o
 .text.UART_EndRxTransfer
                0x0000000008008038       0xc6 ./Drivers/STM32F4xx_HAL_Driver/Src/stm32f4xx_hal_uart.o
 .text.UART_DMAAbortOnError
                0x00000000080080fe       0x28 ./Drivers/STM32F4xx_HAL_Driver/Src/stm32f4xx_hal_uart.o
 .text.UART_Transmit_IT
                0x0000000008008126       0xa0 ./Drivers/STM32F4xx_HAL_Driver/Src/stm32f4xx_hal_uart.o
 .text.UART_EndTransmit_IT
                0x00000000080081c6       0x30 ./Drivers/STM32F4xx_HAL_Driver/Src/stm32f4xx_hal_uart.o
 .text.UART_Receive_IT
                0x00000000080081f6      0x176 ./Drivers/STM32F4xx_HAL_Driver/Src/stm32f4xx_hal_uart.o
 .text.UART_SetConfig
                0x000000000800836c      0x4e8 ./Drivers/STM32F4xx_HAL_Driver/Src/stm32f4xx_hal_uart.o
 .text.BT_printf
                0x0000000008008854       0x60 ./User_Drivers/Bluetooth/bluetooth.o
                0x0000000008008854                BT_printf
 .text.delay_us
                0x00000000080088b4       0x38 ./User_Drivers/Delay/delay.o
                0x00000000080088b4                delay_us
 .text.I2C_Start
                0x00000000080088ec       0x40 ./User_Drivers/OLED/oled.o
                0x00000000080088ec                I2C_Start
 .text.I2C_Stop
                0x000000000800892c       0x40 ./User_Drivers/OLED/oled.o
                0x000000000800892c                I2C_Stop
 .text.I2C_WaitAck
                0x000000000800896c       0x68 ./User_Drivers/OLED/oled.o
                0x000000000800896c                I2C_WaitAck
 .text.I2C_WriteByte
                0x00000000080089d4       0x70 ./User_Drivers/OLED/oled.o
                0x00000000080089d4                I2C_WriteByte
 .text.OLED_WriteByte
                0x0000000008008a44       0x4c ./User_Drivers/OLED/oled.o
                0x0000000008008a44                OLED_WriteByte
 .text.OLED_RefreshGram
                0x0000000008008a90       0x70 ./User_Drivers/OLED/oled.o
                0x0000000008008a90                OLED_RefreshGram
 .text.OLED_Clear
                0x0000000008008b00       0x1c ./User_Drivers/OLED/oled.o
                0x0000000008008b00                OLED_Clear
 .text.OLED_DrawPixel
                0x0000000008008b1c       0xc8 ./User_Drivers/OLED/oled.o
                0x0000000008008b1c                OLED_DrawPixel
 .text.OLED_DrawChar
                0x0000000008008be4       0xec ./User_Drivers/OLED/oled.o
                0x0000000008008be4                OLED_DrawChar
 .text.OLED_DrawString
                0x0000000008008cd0       0x70 ./User_Drivers/OLED/oled.o
                0x0000000008008cd0                OLED_DrawString
 .text.OLED_printf
                0x0000000008008d40       0x44 ./User_Drivers/OLED/oled.o
                0x0000000008008d40                OLED_printf
 .text.OLED_Init
                0x0000000008008d84       0xec ./User_Drivers/OLED/oled.o
                0x0000000008008d84                OLED_Init
 .text.UART_RetargetInit
                0x0000000008008e70       0x30 ./User_Drivers/USART/retarget.o
                0x0000000008008e70                UART_RetargetInit
 .text._isatty  0x0000000008008ea0       0x2c ./User_Drivers/USART/retarget.o
                0x0000000008008ea0                _isatty
 .text._write   0x0000000008008ecc       0x58 ./User_Drivers/USART/retarget.o
                0x0000000008008ecc                _write
 .text._close   0x0000000008008f24       0x2e ./User_Drivers/USART/retarget.o
                0x0000000008008f24                _close
 .text._lseek   0x0000000008008f52       0x22 ./User_Drivers/USART/retarget.o
                0x0000000008008f52                _lseek
 .text._read    0x0000000008008f74       0x50 ./User_Drivers/USART/retarget.o
                0x0000000008008f74                _read
 .text._fstat   0x0000000008008fc4       0x36 ./User_Drivers/USART/retarget.o
                0x0000000008008fc4                _fstat
 *fill*         0x0000000008008ffa        0x2 
 .text.UART1_SetCallback
                0x0000000008008ffc       0x1c ./User_Drivers/USART/uart_callback.o
                0x0000000008008ffc                UART1_SetCallback
 .text.UART6_SetCallback
                0x0000000008009018       0x1c ./User_Drivers/USART/uart_callback.o
                0x0000000008009018                UART6_SetCallback
 .text.UART1_Clear
                0x0000000008009034       0x18 ./User_Drivers/USART/uart_callback.o
                0x0000000008009034                UART1_Clear
 .text.UART6_Clear
                0x000000000800904c       0x18 ./User_Drivers/USART/uart_callback.o
                0x000000000800904c                UART6_Clear
 .text.UART1_ReceivedLength
                0x0000000008009064       0x1c ./User_Drivers/USART/uart_callback.o
                0x0000000008009064                UART1_ReceivedLength
 .text.UART6_ReceivedLength
                0x0000000008009080       0x1c ./User_Drivers/USART/uart_callback.o
                0x0000000008009080                UART6_ReceivedLength
 .text.UART1_Available
                0x000000000800909c       0x24 ./User_Drivers/USART/uart_callback.o
                0x000000000800909c                UART1_Available
 .text.UART6_Available
                0x00000000080090c0       0x24 ./User_Drivers/USART/uart_callback.o
                0x00000000080090c0                UART6_Available
 .text.UART1_Read
                0x00000000080090e4       0x3c ./User_Drivers/USART/uart_callback.o
                0x00000000080090e4                UART1_Read
 .text.UART6_Read
                0x0000000008009120       0x3c ./User_Drivers/USART/uart_callback.o
                0x0000000008009120                UART6_Read
 .text.UART1_GetBufferPtr
                0x000000000800915c       0x14 ./User_Drivers/USART/uart_callback.o
                0x000000000800915c                UART1_GetBufferPtr
 .text.UART6_GetBufferPtr
                0x0000000008009170       0x14 ./User_Drivers/USART/uart_callback.o
                0x0000000008009170                UART6_GetBufferPtr
 .text.HAL_UART_RxCpltCallback
                0x0000000008009184      0x12c ./User_Drivers/USART/uart_callback.o
                0x0000000008009184                HAL_UART_RxCpltCallback
 .text.splitData
                0x00000000080092b0      0x116 ./User_Drivers/Utils/utils.o
                0x00000000080092b0                splitData
 *fill*         0x00000000080093c6        0x2 
 .text.hsv_to_rgb
                0x00000000080093c8      0x248 ./User_Drivers/Utils/utils.o
                0x00000000080093c8                hsv_to_rgb
 .text.swap_u8  0x0000000008009610       0x2a ./User_Drivers/Utils/utils.o
                0x0000000008009610                swap_u8
 .text.LED_BreatheOnePixel
                0x000000000800963a      0x122 ./User_Drivers/WS2812/animation.o
                0x000000000800963a                LED_BreatheOnePixel
 .text.LED_BreatheBatch
                0x000000000800975c      0x1c8 ./User_Drivers/WS2812/animation.o
                0x000000000800975c                LED_BreatheBatch
 .text.LED_GradientOnePixel
                0x0000000008009924       0x80 ./User_Drivers/WS2812/animation.o
                0x0000000008009924                LED_GradientOnePixel
 .text.LED_GradientBatch
                0x00000000080099a4      0x100 ./User_Drivers/WS2812/animation.o
                0x00000000080099a4                LED_GradientBatch
 .text.LED_Anim_GradientLayer
                0x0000000008009aa4      0x290 ./User_Drivers/WS2812/animation.o
                0x0000000008009aa4                LED_Anim_GradientLayer
 .text.LED_Anim_FlashLayer
                0x0000000008009d34      0x138 ./User_Drivers/WS2812/animation.o
                0x0000000008009d34                LED_Anim_FlashLayer
 .text.LED_Anim_Heart
                0x0000000008009e6c      0x210 ./User_Drivers/WS2812/animation.o
                0x0000000008009e6c                LED_Anim_Heart
 .text.LED_Anim_Rain
                0x000000000800a07c       0xc8 ./User_Drivers/WS2812/animation.o
                0x000000000800a07c                LED_Anim_Rain
 .text.LED_Anim_CycleOnOff
                0x000000000800a144       0x9c ./User_Drivers/WS2812/animation.o
                0x000000000800a144                LED_Anim_CycleOnOff
 .text.LED_Anim_RainbowWave
                0x000000000800a1e0      0x1d4 ./User_Drivers/WS2812/animation.o
                0x000000000800a1e0                LED_Anim_RainbowWave
 .text.LED_Anim_Snake
                0x000000000800a3b4      0x458 ./User_Drivers/WS2812/animation.o
                0x000000000800a3b4                LED_Anim_Snake
 .text.LED_Anim_Countdown
                0x000000000800a80c       0xf4 ./User_Drivers/WS2812/animation.o
                0x000000000800a80c                LED_Anim_Countdown
 .text.LED_Anim_ShowNumber
                0x000000000800a900       0x48 ./User_Drivers/WS2812/animation.o
                0x000000000800a900                LED_Anim_ShowNumber
 .text._setDmaBuf32
                0x000000000800a948       0xca ./User_Drivers/WS2812/ws2812.o
                0x000000000800a948                _setDmaBuf32
 *fill*         0x000000000800aa12        0x2 
 .text.LED_Update
                0x000000000800aa14      0x20c ./User_Drivers/WS2812/ws2812.o
                0x000000000800aa14                LED_Update
 .text.LED_SetColor
                0x000000000800ac20      0x1f0 ./User_Drivers/WS2812/ws2812.o
                0x000000000800ac20                LED_SetColor
 .text.LED_ResetYZ
                0x000000000800ae10       0x84 ./User_Drivers/WS2812/ws2812.o
                0x000000000800ae10                LED_ResetYZ
 .text.LED_DrawBitmap
                0x000000000800ae94      0x1c8 ./User_Drivers/WS2812/ws2812.o
                0x000000000800ae94                LED_DrawBitmap
 .text.LED_SetColorBatch
                0x000000000800b05c       0x84 ./User_Drivers/WS2812/ws2812.o
                0x000000000800b05c                LED_SetColorBatch
 .text.LED_ResetXZ
                0x000000000800b0e0       0x4c ./User_Drivers/WS2812/ws2812.o
                0x000000000800b0e0                LED_ResetXZ
 .text.LED_ResetXY
                0x000000000800b12c       0x4c ./User_Drivers/WS2812/ws2812.o
                0x000000000800b12c                LED_ResetXY
 .text.LED_SetBrightness
                0x000000000800b178       0x48 ./User_Drivers/WS2812/ws2812.o
                0x000000000800b178                LED_SetBrightness
 .text.LED_ResetAll
                0x000000000800b1c0       0x50 ./User_Drivers/WS2812/ws2812.o
                0x000000000800b1c0                LED_ResetAll
 .text.LED_SetColorAll
                0x000000000800b210       0x68 ./User_Drivers/WS2812/ws2812.o
                0x000000000800b210                LED_SetColorAll
 .text.__errno  0x000000000800b278        0xc c:/st/stm32cubeide_1.10.0/stm32cubeide/plugins/com.st.stm32cube.ide.mcu.externaltools.gnu-tools-for-stm32.10.3-2021.10.win32_1.0.0.202111181127/tools/bin/../lib/gcc/arm-none-eabi/10.3.1/../../../../arm-none-eabi/lib/thumb/v7e-m+fp/hard\libc_nano.a(lib_a-errno.o)
                0x000000000800b278                __errno
 .text.__libc_init_array
                0x000000000800b284       0x48 c:/st/stm32cubeide_1.10.0/stm32cubeide/plugins/com.st.stm32cube.ide.mcu.externaltools.gnu-tools-for-stm32.10.3-2021.10.win32_1.0.0.202111181127/tools/bin/../lib/gcc/arm-none-eabi/10.3.1/../../../../arm-none-eabi/lib/thumb/v7e-m+fp/hard\libc_nano.a(lib_a-init.o)
                0x000000000800b284                __libc_init_array
 .text.memset   0x000000000800b2cc       0x10 c:/st/stm32cubeide_1.10.0/stm32cubeide/plugins/com.st.stm32cube.ide.mcu.externaltools.gnu-tools-for-stm32.10.3-2021.10.win32_1.0.0.202111181127/tools/bin/../lib/gcc/arm-none-eabi/10.3.1/../../../../arm-none-eabi/lib/thumb/v7e-m+fp/hard\libc_nano.a(lib_a-memset.o)
                0x000000000800b2cc                memset
 .text.printf   0x000000000800b2dc       0x30 c:/st/stm32cubeide_1.10.0/stm32cubeide/plugins/com.st.stm32cube.ide.mcu.externaltools.gnu-tools-for-stm32.10.3-2021.10.win32_1.0.0.202111181127/tools/bin/../lib/gcc/arm-none-eabi/10.3.1/../../../../arm-none-eabi/lib/thumb/v7e-m+fp/hard\libc_nano.a(lib_a-printf.o)
                0x000000000800b2dc                iprintf
                0x000000000800b2dc                printf
 .text.putchar  0x000000000800b30c       0x2c c:/st/stm32cubeide_1.10.0/stm32cubeide/plugins/com.st.stm32cube.ide.mcu.externaltools.gnu-tools-for-stm32.10.3-2021.10.win32_1.0.0.202111181127/tools/bin/../lib/gcc/arm-none-eabi/10.3.1/../../../../arm-none-eabi/lib/thumb/v7e-m+fp/hard\libc_nano.a(lib_a-putchar.o)
                0x000000000800b30c                putchar
 .text._puts_r  0x000000000800b338       0xdc c:/st/stm32cubeide_1.10.0/stm32cubeide/plugins/com.st.stm32cube.ide.mcu.externaltools.gnu-tools-for-stm32.10.3-2021.10.win32_1.0.0.202111181127/tools/bin/../lib/gcc/arm-none-eabi/10.3.1/../../../../arm-none-eabi/lib/thumb/v7e-m+fp/hard\libc_nano.a(lib_a-puts.o)
                0x000000000800b338                _puts_r
 .text.puts     0x000000000800b414       0x10 c:/st/stm32cubeide_1.10.0/stm32cubeide/plugins/com.st.stm32cube.ide.mcu.externaltools.gnu-tools-for-stm32.10.3-2021.10.win32_1.0.0.202111181127/tools/bin/../lib/gcc/arm-none-eabi/10.3.1/../../../../arm-none-eabi/lib/thumb/v7e-m+fp/hard\libc_nano.a(lib_a-puts.o)
                0x000000000800b414                puts
 .text.setvbuf  0x000000000800b424      0x18c c:/st/stm32cubeide_1.10.0/stm32cubeide/plugins/com.st.stm32cube.ide.mcu.externaltools.gnu-tools-for-stm32.10.3-2021.10.win32_1.0.0.202111181127/tools/bin/../lib/gcc/arm-none-eabi/10.3.1/../../../../arm-none-eabi/lib/thumb/v7e-m+fp/hard\libc_nano.a(lib_a-setvbuf.o)
                0x000000000800b424                setvbuf
 .text._vsnprintf_r
                0x000000000800b5b0       0x56 c:/st/stm32cubeide_1.10.0/stm32cubeide/plugins/com.st.stm32cube.ide.mcu.externaltools.gnu-tools-for-stm32.10.3-2021.10.win32_1.0.0.202111181127/tools/bin/../lib/gcc/arm-none-eabi/10.3.1/../../../../arm-none-eabi/lib/thumb/v7e-m+fp/hard\libc_nano.a(lib_a-vsnprintf.o)
                0x000000000800b5b0                _vsniprintf_r
                0x000000000800b5b0                _vsnprintf_r
 *fill*         0x000000000800b606        0x2 
 .text.vsnprintf
                0x000000000800b608       0x1c c:/st/stm32cubeide_1.10.0/stm32cubeide/plugins/com.st.stm32cube.ide.mcu.externaltools.gnu-tools-for-stm32.10.3-2021.10.win32_1.0.0.202111181127/tools/bin/../lib/gcc/arm-none-eabi/10.3.1/../../../../arm-none-eabi/lib/thumb/v7e-m+fp/hard\libc_nano.a(lib_a-vsnprintf.o)
                0x000000000800b608                vsniprintf
                0x000000000800b608                vsnprintf
 .text.__swbuf_r
                0x000000000800b624       0xa4 c:/st/stm32cubeide_1.10.0/stm32cubeide/plugins/com.st.stm32cube.ide.mcu.externaltools.gnu-tools-for-stm32.10.3-2021.10.win32_1.0.0.202111181127/tools/bin/../lib/gcc/arm-none-eabi/10.3.1/../../../../arm-none-eabi/lib/thumb/v7e-m+fp/hard\libc_nano.a(lib_a-wbuf.o)
                0x000000000800b624                __swbuf_r
 .text.__swsetup_r
                0x000000000800b6c8       0xdc c:/st/stm32cubeide_1.10.0/stm32cubeide/plugins/com.st.stm32cube.ide.mcu.externaltools.gnu-tools-for-stm32.10.3-2021.10.win32_1.0.0.202111181127/tools/bin/../lib/gcc/arm-none-eabi/10.3.1/../../../../arm-none-eabi/lib/thumb/v7e-m+fp/hard\libc_nano.a(lib_a-wsetup.o)
                0x000000000800b6c8                __swsetup_r
 .text.__sflush_r
                0x000000000800b7a4      0x10c c:/st/stm32cubeide_1.10.0/stm32cubeide/plugins/com.st.stm32cube.ide.mcu.externaltools.gnu-tools-for-stm32.10.3-2021.10.win32_1.0.0.202111181127/tools/bin/../lib/gcc/arm-none-eabi/10.3.1/../../../../arm-none-eabi/lib/thumb/v7e-m+fp/hard\libc_nano.a(lib_a-fflush.o)
                0x000000000800b7a4                __sflush_r
 .text._fflush_r
                0x000000000800b8b0       0x78 c:/st/stm32cubeide_1.10.0/stm32cubeide/plugins/com.st.stm32cube.ide.mcu.externaltools.gnu-tools-for-stm32.10.3-2021.10.win32_1.0.0.202111181127/tools/bin/../lib/gcc/arm-none-eabi/10.3.1/../../../../arm-none-eabi/lib/thumb/v7e-m+fp/hard\libc_nano.a(lib_a-fflush.o)
                0x000000000800b8b0                _fflush_r
 .text.std      0x000000000800b928       0x48 c:/st/stm32cubeide_1.10.0/stm32cubeide/plugins/com.st.stm32cube.ide.mcu.externaltools.gnu-tools-for-stm32.10.3-2021.10.win32_1.0.0.202111181127/tools/bin/../lib/gcc/arm-none-eabi/10.3.1/../../../../arm-none-eabi/lib/thumb/v7e-m+fp/hard\libc_nano.a(lib_a-findfp.o)
 .text._cleanup_r
                0x000000000800b970        0xc c:/st/stm32cubeide_1.10.0/stm32cubeide/plugins/com.st.stm32cube.ide.mcu.externaltools.gnu-tools-for-stm32.10.3-2021.10.win32_1.0.0.202111181127/tools/bin/../lib/gcc/arm-none-eabi/10.3.1/../../../../arm-none-eabi/lib/thumb/v7e-m+fp/hard\libc_nano.a(lib_a-findfp.o)
                0x000000000800b970                _cleanup_r
 .text.__sfmoreglue
                0x000000000800b97c       0x2c c:/st/stm32cubeide_1.10.0/stm32cubeide/plugins/com.st.stm32cube.ide.mcu.externaltools.gnu-tools-for-stm32.10.3-2021.10.win32_1.0.0.202111181127/tools/bin/../lib/gcc/arm-none-eabi/10.3.1/../../../../arm-none-eabi/lib/thumb/v7e-m+fp/hard\libc_nano.a(lib_a-findfp.o)
                0x000000000800b97c                __sfmoreglue
 .text.__sfp_lock_acquire
                0x000000000800b9a8        0xc c:/st/stm32cubeide_1.10.0/stm32cubeide/plugins/com.st.stm32cube.ide.mcu.externaltools.gnu-tools-for-stm32.10.3-2021.10.win32_1.0.0.202111181127/tools/bin/../lib/gcc/arm-none-eabi/10.3.1/../../../../arm-none-eabi/lib/thumb/v7e-m+fp/hard\libc_nano.a(lib_a-findfp.o)
                0x000000000800b9a8                __sfp_lock_acquire
 .text.__sfp_lock_release
                0x000000000800b9b4        0xc c:/st/stm32cubeide_1.10.0/stm32cubeide/plugins/com.st.stm32cube.ide.mcu.externaltools.gnu-tools-for-stm32.10.3-2021.10.win32_1.0.0.202111181127/tools/bin/../lib/gcc/arm-none-eabi/10.3.1/../../../../arm-none-eabi/lib/thumb/v7e-m+fp/hard\libc_nano.a(lib_a-findfp.o)
                0x000000000800b9b4                __sfp_lock_release
 .text.__sinit_lock_acquire
                0x000000000800b9c0        0xc c:/st/stm32cubeide_1.10.0/stm32cubeide/plugins/com.st.stm32cube.ide.mcu.externaltools.gnu-tools-for-stm32.10.3-2021.10.win32_1.0.0.202111181127/tools/bin/../lib/gcc/arm-none-eabi/10.3.1/../../../../arm-none-eabi/lib/thumb/v7e-m+fp/hard\libc_nano.a(lib_a-findfp.o)
                0x000000000800b9c0                __sinit_lock_acquire
 .text.__sinit_lock_release
                0x000000000800b9cc        0xc c:/st/stm32cubeide_1.10.0/stm32cubeide/plugins/com.st.stm32cube.ide.mcu.externaltools.gnu-tools-for-stm32.10.3-2021.10.win32_1.0.0.202111181127/tools/bin/../lib/gcc/arm-none-eabi/10.3.1/../../../../arm-none-eabi/lib/thumb/v7e-m+fp/hard\libc_nano.a(lib_a-findfp.o)
                0x000000000800b9cc                __sinit_lock_release
 .text.__sinit  0x000000000800b9d8       0x70 c:/st/stm32cubeide_1.10.0/stm32cubeide/plugins/com.st.stm32cube.ide.mcu.externaltools.gnu-tools-for-stm32.10.3-2021.10.win32_1.0.0.202111181127/tools/bin/../lib/gcc/arm-none-eabi/10.3.1/../../../../arm-none-eabi/lib/thumb/v7e-m+fp/hard\libc_nano.a(lib_a-findfp.o)
                0x000000000800b9d8                __sinit
 .text.__sfp    0x000000000800ba48       0x8c c:/st/stm32cubeide_1.10.0/stm32cubeide/plugins/com.st.stm32cube.ide.mcu.externaltools.gnu-tools-for-stm32.10.3-2021.10.win32_1.0.0.202111181127/tools/bin/../lib/gcc/arm-none-eabi/10.3.1/../../../../arm-none-eabi/lib/thumb/v7e-m+fp/hard\libc_nano.a(lib_a-findfp.o)
                0x000000000800ba48                __sfp
 .text._fwalk_reent
                0x000000000800bad4       0x3e c:/st/stm32cubeide_1.10.0/stm32cubeide/plugins/com.st.stm32cube.ide.mcu.externaltools.gnu-tools-for-stm32.10.3-2021.10.win32_1.0.0.202111181127/tools/bin/../lib/gcc/arm-none-eabi/10.3.1/../../../../arm-none-eabi/lib/thumb/v7e-m+fp/hard\libc_nano.a(lib_a-fwalk.o)
                0x000000000800bad4                _fwalk_reent
 .text.__retarget_lock_init_recursive
                0x000000000800bb12        0x2 c:/st/stm32cubeide_1.10.0/stm32cubeide/plugins/com.st.stm32cube.ide.mcu.externaltools.gnu-tools-for-stm32.10.3-2021.10.win32_1.0.0.202111181127/tools/bin/../lib/gcc/arm-none-eabi/10.3.1/../../../../arm-none-eabi/lib/thumb/v7e-m+fp/hard\libc_nano.a(lib_a-lock.o)
                0x000000000800bb12                __retarget_lock_init_recursive
 .text.__retarget_lock_acquire_recursive
                0x000000000800bb14        0x2 c:/st/stm32cubeide_1.10.0/stm32cubeide/plugins/com.st.stm32cube.ide.mcu.externaltools.gnu-tools-for-stm32.10.3-2021.10.win32_1.0.0.202111181127/tools/bin/../lib/gcc/arm-none-eabi/10.3.1/../../../../arm-none-eabi/lib/thumb/v7e-m+fp/hard\libc_nano.a(lib_a-lock.o)
                0x000000000800bb14                __retarget_lock_acquire_recursive
 .text.__retarget_lock_release_recursive
                0x000000000800bb16        0x2 c:/st/stm32cubeide_1.10.0/stm32cubeide/plugins/com.st.stm32cube.ide.mcu.externaltools.gnu-tools-for-stm32.10.3-2021.10.win32_1.0.0.202111181127/tools/bin/../lib/gcc/arm-none-eabi/10.3.1/../../../../arm-none-eabi/lib/thumb/v7e-m+fp/hard\libc_nano.a(lib_a-lock.o)
                0x000000000800bb16                __retarget_lock_release_recursive
 .text.__swhatbuf_r
                0x000000000800bb18       0x4a c:/st/stm32cubeide_1.10.0/stm32cubeide/plugins/com.st.stm32cube.ide.mcu.externaltools.gnu-tools-for-stm32.10.3-2021.10.win32_1.0.0.202111181127/tools/bin/../lib/gcc/arm-none-eabi/10.3.1/../../../../arm-none-eabi/lib/thumb/v7e-m+fp/hard\libc_nano.a(lib_a-makebuf.o)
                0x000000000800bb18                __swhatbuf_r
 *fill*         0x000000000800bb62        0x2 
 .text.__smakebuf_r
                0x000000000800bb64       0x80 c:/st/stm32cubeide_1.10.0/stm32cubeide/plugins/com.st.stm32cube.ide.mcu.externaltools.gnu-tools-for-stm32.10.3-2021.10.win32_1.0.0.202111181127/tools/bin/../lib/gcc/arm-none-eabi/10.3.1/../../../../arm-none-eabi/lib/thumb/v7e-m+fp/hard\libc_nano.a(lib_a-makebuf.o)
                0x000000000800bb64                __smakebuf_r
 .text.malloc   0x000000000800bbe4       0x10 c:/st/stm32cubeide_1.10.0/stm32cubeide/plugins/com.st.stm32cube.ide.mcu.externaltools.gnu-tools-for-stm32.10.3-2021.10.win32_1.0.0.202111181127/tools/bin/../lib/gcc/arm-none-eabi/10.3.1/../../../../arm-none-eabi/lib/thumb/v7e-m+fp/hard\libc_nano.a(lib_a-malloc.o)
                0x000000000800bbe4                malloc
 .text._free_r  0x000000000800bbf4       0x98 c:/st/stm32cubeide_1.10.0/stm32cubeide/plugins/com.st.stm32cube.ide.mcu.externaltools.gnu-tools-for-stm32.10.3-2021.10.win32_1.0.0.202111181127/tools/bin/../lib/gcc/arm-none-eabi/10.3.1/../../../../arm-none-eabi/lib/thumb/v7e-m+fp/hard\libc_nano.a(lib_a-nano-freer.o)
                0x000000000800bbf4                _free_r
 .text.sbrk_aligned
                0x000000000800bc8c       0x40 c:/st/stm32cubeide_1.10.0/stm32cubeide/plugins/com.st.stm32cube.ide.mcu.externaltools.gnu-tools-for-stm32.10.3-2021.10.win32_1.0.0.202111181127/tools/bin/../lib/gcc/arm-none-eabi/10.3.1/../../../../arm-none-eabi/lib/thumb/v7e-m+fp/hard\libc_nano.a(lib_a-nano-mallocr.o)
 .text._malloc_r
                0x000000000800bccc       0xe8 c:/st/stm32cubeide_1.10.0/stm32cubeide/plugins/com.st.stm32cube.ide.mcu.externaltools.gnu-tools-for-stm32.10.3-2021.10.win32_1.0.0.202111181127/tools/bin/../lib/gcc/arm-none-eabi/10.3.1/../../../../arm-none-eabi/lib/thumb/v7e-m+fp/hard\libc_nano.a(lib_a-nano-mallocr.o)
                0x000000000800bccc                _malloc_r
 .text.__ssputs_r
                0x000000000800bdb4       0xb6 c:/st/stm32cubeide_1.10.0/stm32cubeide/plugins/com.st.stm32cube.ide.mcu.externaltools.gnu-tools-for-stm32.10.3-2021.10.win32_1.0.0.202111181127/tools/bin/../lib/gcc/arm-none-eabi/10.3.1/../../../../arm-none-eabi/lib/thumb/v7e-m+fp/hard\libc_nano.a(lib_a-nano-svfprintf.o)
                0x000000000800bdb4                __ssputs_r
 *fill*         0x000000000800be6a        0x2 
 .text._svfprintf_r
                0x000000000800be6c      0x200 c:/st/stm32cubeide_1.10.0/stm32cubeide/plugins/com.st.stm32cube.ide.mcu.externaltools.gnu-tools-for-stm32.10.3-2021.10.win32_1.0.0.202111181127/tools/bin/../lib/gcc/arm-none-eabi/10.3.1/../../../../arm-none-eabi/lib/thumb/v7e-m+fp/hard\libc_nano.a(lib_a-nano-svfprintf.o)
                0x000000000800be6c                _svfiprintf_r
                0x000000000800be6c                _svfprintf_r
 .text.__sfputc_r
                0x000000000800c06c       0x2e c:/st/stm32cubeide_1.10.0/stm32cubeide/plugins/com.st.stm32cube.ide.mcu.externaltools.gnu-tools-for-stm32.10.3-2021.10.win32_1.0.0.202111181127/tools/bin/../lib/gcc/arm-none-eabi/10.3.1/../../../../arm-none-eabi/lib/thumb/v7e-m+fp/hard\libc_nano.a(lib_a-nano-vfprintf.o)
 .text.__sfputs_r
                0x000000000800c09a       0x24 c:/st/stm32cubeide_1.10.0/stm32cubeide/plugins/com.st.stm32cube.ide.mcu.externaltools.gnu-tools-for-stm32.10.3-2021.10.win32_1.0.0.202111181127/tools/bin/../lib/gcc/arm-none-eabi/10.3.1/../../../../arm-none-eabi/lib/thumb/v7e-m+fp/hard\libc_nano.a(lib_a-nano-vfprintf.o)
                0x000000000800c09a                __sfputs_r
 *fill*         0x000000000800c0be        0x2 
 .text._vfprintf_r
                0x000000000800c0c0      0x260 c:/st/stm32cubeide_1.10.0/stm32cubeide/plugins/com.st.stm32cube.ide.mcu.externaltools.gnu-tools-for-stm32.10.3-2021.10.win32_1.0.0.202111181127/tools/bin/../lib/gcc/arm-none-eabi/10.3.1/../../../../arm-none-eabi/lib/thumb/v7e-m+fp/hard\libc_nano.a(lib_a-nano-vfprintf.o)
                0x000000000800c0c0                _vfprintf_r
                0x000000000800c0c0                _vfiprintf_r
 .text._printf_common
                0x000000000800c320       0xda c:/st/stm32cubeide_1.10.0/stm32cubeide/plugins/com.st.stm32cube.ide.mcu.externaltools.gnu-tools-for-stm32.10.3-2021.10.win32_1.0.0.202111181127/tools/bin/../lib/gcc/arm-none-eabi/10.3.1/../../../../arm-none-eabi/lib/thumb/v7e-m+fp/hard\libc_nano.a(lib_a-nano-vfprintf_i.o)
                0x000000000800c320                _printf_common
 *fill*         0x000000000800c3fa        0x2 
 .text._printf_i
                0x000000000800c3fc      0x24c c:/st/stm32cubeide_1.10.0/stm32cubeide/plugins/com.st.stm32cube.ide.mcu.externaltools.gnu-tools-for-stm32.10.3-2021.10.win32_1.0.0.202111181127/tools/bin/../lib/gcc/arm-none-eabi/10.3.1/../../../../arm-none-eabi/lib/thumb/v7e-m+fp/hard\libc_nano.a(lib_a-nano-vfprintf_i.o)
                0x000000000800c3fc                _printf_i
 .text._putc_r  0x000000000800c648       0x90 c:/st/stm32cubeide_1.10.0/stm32cubeide/plugins/com.st.stm32cube.ide.mcu.externaltools.gnu-tools-for-stm32.10.3-2021.10.win32_1.0.0.202111181127/tools/bin/../lib/gcc/arm-none-eabi/10.3.1/../../../../arm-none-eabi/lib/thumb/v7e-m+fp/hard\libc_nano.a(lib_a-putc.o)
                0x000000000800c648                _putc_r
 .text._sbrk_r  0x000000000800c6d8       0x20 c:/st/stm32cubeide_1.10.0/stm32cubeide/plugins/com.st.stm32cube.ide.mcu.externaltools.gnu-tools-for-stm32.10.3-2021.10.win32_1.0.0.202111181127/tools/bin/../lib/gcc/arm-none-eabi/10.3.1/../../../../arm-none-eabi/lib/thumb/v7e-m+fp/hard\libc_nano.a(lib_a-sbrkr.o)
                0x000000000800c6d8                _sbrk_r
 .text.__sread  0x000000000800c6f8       0x22 c:/st/stm32cubeide_1.10.0/stm32cubeide/plugins/com.st.stm32cube.ide.mcu.externaltools.gnu-tools-for-stm32.10.3-2021.10.win32_1.0.0.202111181127/tools/bin/../lib/gcc/arm-none-eabi/10.3.1/../../../../arm-none-eabi/lib/thumb/v7e-m+fp/hard\libc_nano.a(lib_a-stdio.o)
                0x000000000800c6f8                __sread
 .text.__swrite
                0x000000000800c71a       0x38 c:/st/stm32cubeide_1.10.0/stm32cubeide/plugins/com.st.stm32cube.ide.mcu.externaltools.gnu-tools-for-stm32.10.3-2021.10.win32_1.0.0.202111181127/tools/bin/../lib/gcc/arm-none-eabi/10.3.1/../../../../arm-none-eabi/lib/thumb/v7e-m+fp/hard\libc_nano.a(lib_a-stdio.o)
                0x000000000800c71a                __swrite
 .text.__sseek  0x000000000800c752       0x24 c:/st/stm32cubeide_1.10.0/stm32cubeide/plugins/com.st.stm32cube.ide.mcu.externaltools.gnu-tools-for-stm32.10.3-2021.10.win32_1.0.0.202111181127/tools/bin/../lib/gcc/arm-none-eabi/10.3.1/../../../../arm-none-eabi/lib/thumb/v7e-m+fp/hard\libc_nano.a(lib_a-stdio.o)
                0x000000000800c752                __sseek
 .text.__sclose
                0x000000000800c776        0x8 c:/st/stm32cubeide_1.10.0/stm32cubeide/plugins/com.st.stm32cube.ide.mcu.externaltools.gnu-tools-for-stm32.10.3-2021.10.win32_1.0.0.202111181127/tools/bin/../lib/gcc/arm-none-eabi/10.3.1/../../../../arm-none-eabi/lib/thumb/v7e-m+fp/hard\libc_nano.a(lib_a-stdio.o)
                0x000000000800c776                __sclose
 *fill*         0x000000000800c77e        0x2 
 .text._write_r
                0x000000000800c780       0x24 c:/st/stm32cubeide_1.10.0/stm32cubeide/plugins/com.st.stm32cube.ide.mcu.externaltools.gnu-tools-for-stm32.10.3-2021.10.win32_1.0.0.202111181127/tools/bin/../lib/gcc/arm-none-eabi/10.3.1/../../../../arm-none-eabi/lib/thumb/v7e-m+fp/hard\libc_nano.a(lib_a-writer.o)
                0x000000000800c780                _write_r
 .text._close_r
                0x000000000800c7a4       0x20 c:/st/stm32cubeide_1.10.0/stm32cubeide/plugins/com.st.stm32cube.ide.mcu.externaltools.gnu-tools-for-stm32.10.3-2021.10.win32_1.0.0.202111181127/tools/bin/../lib/gcc/arm-none-eabi/10.3.1/../../../../arm-none-eabi/lib/thumb/v7e-m+fp/hard\libc_nano.a(lib_a-closer.o)
                0x000000000800c7a4                _close_r
 .text._fstat_r
                0x000000000800c7c4       0x24 c:/st/stm32cubeide_1.10.0/stm32cubeide/plugins/com.st.stm32cube.ide.mcu.externaltools.gnu-tools-for-stm32.10.3-2021.10.win32_1.0.0.202111181127/tools/bin/../lib/gcc/arm-none-eabi/10.3.1/../../../../arm-none-eabi/lib/thumb/v7e-m+fp/hard\libc_nano.a(lib_a-fstatr.o)
                0x000000000800c7c4                _fstat_r
 .text._isatty_r
                0x000000000800c7e8       0x20 c:/st/stm32cubeide_1.10.0/stm32cubeide/plugins/com.st.stm32cube.ide.mcu.externaltools.gnu-tools-for-stm32.10.3-2021.10.win32_1.0.0.202111181127/tools/bin/../lib/gcc/arm-none-eabi/10.3.1/../../../../arm-none-eabi/lib/thumb/v7e-m+fp/hard\libc_nano.a(lib_a-isattyr.o)
                0x000000000800c7e8                _isatty_r
 .text._lseek_r
                0x000000000800c808       0x24 c:/st/stm32cubeide_1.10.0/stm32cubeide/plugins/com.st.stm32cube.ide.mcu.externaltools.gnu-tools-for-stm32.10.3-2021.10.win32_1.0.0.202111181127/tools/bin/../lib/gcc/arm-none-eabi/10.3.1/../../../../arm-none-eabi/lib/thumb/v7e-m+fp/hard\libc_nano.a(lib_a-lseekr.o)
                0x000000000800c808                _lseek_r
 .text.memcpy   0x000000000800c82c       0x1c c:/st/stm32cubeide_1.10.0/stm32cubeide/plugins/com.st.stm32cube.ide.mcu.externaltools.gnu-tools-for-stm32.10.3-2021.10.win32_1.0.0.202111181127/tools/bin/../lib/gcc/arm-none-eabi/10.3.1/../../../../arm-none-eabi/lib/thumb/v7e-m+fp/hard\libc_nano.a(lib_a-memcpy-stub.o)
                0x000000000800c82c                memcpy
 .text.memmove  0x000000000800c848       0x34 c:/st/stm32cubeide_1.10.0/stm32cubeide/plugins/com.st.stm32cube.ide.mcu.externaltools.gnu-tools-for-stm32.10.3-2021.10.win32_1.0.0.202111181127/tools/bin/../lib/gcc/arm-none-eabi/10.3.1/../../../../arm-none-eabi/lib/thumb/v7e-m+fp/hard\libc_nano.a(lib_a-memmove.o)
                0x000000000800c848                memmove
 .text.__malloc_lock
                0x000000000800c87c        0xc c:/st/stm32cubeide_1.10.0/stm32cubeide/plugins/com.st.stm32cube.ide.mcu.externaltools.gnu-tools-for-stm32.10.3-2021.10.win32_1.0.0.202111181127/tools/bin/../lib/gcc/arm-none-eabi/10.3.1/../../../../arm-none-eabi/lib/thumb/v7e-m+fp/hard\libc_nano.a(lib_a-mlock.o)
                0x000000000800c87c                __malloc_lock
 .text.__malloc_unlock
                0x000000000800c888        0xc c:/st/stm32cubeide_1.10.0/stm32cubeide/plugins/com.st.stm32cube.ide.mcu.externaltools.gnu-tools-for-stm32.10.3-2021.10.win32_1.0.0.202111181127/tools/bin/../lib/gcc/arm-none-eabi/10.3.1/../../../../arm-none-eabi/lib/thumb/v7e-m+fp/hard\libc_nano.a(lib_a-mlock.o)
                0x000000000800c888                __malloc_unlock
 .text._realloc_r
                0x000000000800c894       0x5e c:/st/stm32cubeide_1.10.0/stm32cubeide/plugins/com.st.stm32cube.ide.mcu.externaltools.gnu-tools-for-stm32.10.3-2021.10.win32_1.0.0.202111181127/tools/bin/../lib/gcc/arm-none-eabi/10.3.1/../../../../arm-none-eabi/lib/thumb/v7e-m+fp/hard\libc_nano.a(lib_a-nano-reallocr.o)
                0x000000000800c894                _realloc_r
 *fill*         0x000000000800c8f2        0x2 
 .text._read_r  0x000000000800c8f4       0x24 c:/st/stm32cubeide_1.10.0/stm32cubeide/plugins/com.st.stm32cube.ide.mcu.externaltools.gnu-tools-for-stm32.10.3-2021.10.win32_1.0.0.202111181127/tools/bin/../lib/gcc/arm-none-eabi/10.3.1/../../../../arm-none-eabi/lib/thumb/v7e-m+fp/hard\libc_nano.a(lib_a-readr.o)
                0x000000000800c8f4                _read_r
 .text._malloc_usable_size_r
                0x000000000800c918       0x10 c:/st/stm32cubeide_1.10.0/stm32cubeide/plugins/com.st.stm32cube.ide.mcu.externaltools.gnu-tools-for-stm32.10.3-2021.10.win32_1.0.0.202111181127/tools/bin/../lib/gcc/arm-none-eabi/10.3.1/../../../../arm-none-eabi/lib/thumb/v7e-m+fp/hard\libc_nano.a(lib_a-nano-msizer.o)
                0x000000000800c918                _malloc_usable_size_r
 *(.glue_7)
 .glue_7        0x000000000800c928        0x0 linker stubs
 *(.glue_7t)
 .glue_7t       0x000000000800c928        0x0 linker stubs
 *(.eh_frame)
 .eh_frame      0x000000000800c928        0x0 c:/st/stm32cubeide_1.10.0/stm32cubeide/plugins/com.st.stm32cube.ide.mcu.externaltools.gnu-tools-for-stm32.10.3-2021.10.win32_1.0.0.202111181127/tools/bin/../lib/gcc/arm-none-eabi/10.3.1/thumb/v7e-m+fp/hard/crtbegin.o
 *(.init)
 .init          0x000000000800c928        0x4 c:/st/stm32cubeide_1.10.0/stm32cubeide/plugins/com.st.stm32cube.ide.mcu.externaltools.gnu-tools-for-stm32.10.3-2021.10.win32_1.0.0.202111181127/tools/bin/../lib/gcc/arm-none-eabi/10.3.1/thumb/v7e-m+fp/hard/crti.o
                0x000000000800c928                _init
 .init          0x000000000800c92c        0x8 c:/st/stm32cubeide_1.10.0/stm32cubeide/plugins/com.st.stm32cube.ide.mcu.externaltools.gnu-tools-for-stm32.10.3-2021.10.win32_1.0.0.202111181127/tools/bin/../lib/gcc/arm-none-eabi/10.3.1/thumb/v7e-m+fp/hard/crtn.o
 *(.fini)
 .fini          0x000000000800c934        0x4 c:/st/stm32cubeide_1.10.0/stm32cubeide/plugins/com.st.stm32cube.ide.mcu.externaltools.gnu-tools-for-stm32.10.3-2021.10.win32_1.0.0.202111181127/tools/bin/../lib/gcc/arm-none-eabi/10.3.1/thumb/v7e-m+fp/hard/crti.o
                0x000000000800c934                _fini
 .fini          0x000000000800c938        0x8 c:/st/stm32cubeide_1.10.0/stm32cubeide/plugins/com.st.stm32cube.ide.mcu.externaltools.gnu-tools-for-stm32.10.3-2021.10.win32_1.0.0.202111181127/tools/bin/../lib/gcc/arm-none-eabi/10.3.1/thumb/v7e-m+fp/hard/crtn.o
                0x000000000800c940                . = ALIGN (0x4)
                0x000000000800c940                _etext = .

.vfp11_veneer   0x000000000800c940        0x0
 .vfp11_veneer  0x000000000800c940        0x0 linker stubs

.v4_bx          0x000000000800c940        0x0
 .v4_bx         0x000000000800c940        0x0 linker stubs

.iplt           0x000000000800c940        0x0
 .iplt          0x000000000800c940        0x0 c:/st/stm32cubeide_1.10.0/stm32cubeide/plugins/com.st.stm32cube.ide.mcu.externaltools.gnu-tools-for-stm32.10.3-2021.10.win32_1.0.0.202111181127/tools/bin/../lib/gcc/arm-none-eabi/10.3.1/thumb/v7e-m+fp/hard/crtbegin.o

.rodata         0x000000000800c940     0x14b4
                0x000000000800c940                . = ALIGN (0x4)
 *(.rodata)
 .rodata        0x000000000800c940      0x417 ./Core/Src/main.o
 *(.rodata*)
 *fill*         0x000000000800cd57        0x1 
 .rodata.AHBPrescTable
                0x000000000800cd58       0x10 ./Core/Src/system_stm32f4xx.o
                0x000000000800cd58                AHBPrescTable
 .rodata.APBPrescTable
                0x000000000800cd68        0x8 ./Core/Src/system_stm32f4xx.o
                0x000000000800cd68                APBPrescTable
 .rodata.flagBitshiftOffset.0
                0x000000000800cd70        0x8 ./Drivers/STM32F4xx_HAL_Driver/Src/stm32f4xx_hal_dma.o
 .rodata.oled_asc2_1206
                0x000000000800cd78      0x474 ./User_Drivers/OLED/oled.o
                0x000000000800cd78                oled_asc2_1206
 .rodata.oled_asc2_1608
                0x000000000800d1ec      0x5f0 ./User_Drivers/OLED/oled.o
                0x000000000800d1ec                oled_asc2_1608
 .rodata.gradientR
                0x000000000800d7dc      0x168 ./User_Drivers/WS2812/animation.o
                0x000000000800d7dc                gradientR
 .rodata.gradientG
                0x000000000800d944      0x168 ./User_Drivers/WS2812/animation.o
                0x000000000800d944                gradientG
 .rodata.gradientB
                0x000000000800daac      0x168 ./User_Drivers/WS2812/animation.o
                0x000000000800daac                gradientB
 .rodata.images
                0x000000000800dc14      0x145 ./User_Drivers/WS2812/ws2812.o
                0x000000000800dc14                images
 *fill*         0x000000000800dd59        0x3 
 .rodata._global_impure_ptr
                0x000000000800dd5c        0x4 c:/st/stm32cubeide_1.10.0/stm32cubeide/plugins/com.st.stm32cube.ide.mcu.externaltools.gnu-tools-for-stm32.10.3-2021.10.win32_1.0.0.202111181127/tools/bin/../lib/gcc/arm-none-eabi/10.3.1/../../../../arm-none-eabi/lib/thumb/v7e-m+fp/hard\libc_nano.a(lib_a-impure.o)
                0x000000000800dd5c                _global_impure_ptr
 .rodata.__sf_fake_stderr
                0x000000000800dd60       0x20 c:/st/stm32cubeide_1.10.0/stm32cubeide/plugins/com.st.stm32cube.ide.mcu.externaltools.gnu-tools-for-stm32.10.3-2021.10.win32_1.0.0.202111181127/tools/bin/../lib/gcc/arm-none-eabi/10.3.1/../../../../arm-none-eabi/lib/thumb/v7e-m+fp/hard\libc_nano.a(lib_a-findfp.o)
                0x000000000800dd60                __sf_fake_stderr
 .rodata.__sf_fake_stdin
                0x000000000800dd80       0x20 c:/st/stm32cubeide_1.10.0/stm32cubeide/plugins/com.st.stm32cube.ide.mcu.externaltools.gnu-tools-for-stm32.10.3-2021.10.win32_1.0.0.202111181127/tools/bin/../lib/gcc/arm-none-eabi/10.3.1/../../../../arm-none-eabi/lib/thumb/v7e-m+fp/hard\libc_nano.a(lib_a-findfp.o)
                0x000000000800dd80                __sf_fake_stdin
 .rodata.__sf_fake_stdout
                0x000000000800dda0       0x20 c:/st/stm32cubeide_1.10.0/stm32cubeide/plugins/com.st.stm32cube.ide.mcu.externaltools.gnu-tools-for-stm32.10.3-2021.10.win32_1.0.0.202111181127/tools/bin/../lib/gcc/arm-none-eabi/10.3.1/../../../../arm-none-eabi/lib/thumb/v7e-m+fp/hard\libc_nano.a(lib_a-findfp.o)
                0x000000000800dda0                __sf_fake_stdout
 .rodata._svfprintf_r.str1.1
                0x000000000800ddc0       0x11 c:/st/stm32cubeide_1.10.0/stm32cubeide/plugins/com.st.stm32cube.ide.mcu.externaltools.gnu-tools-for-stm32.10.3-2021.10.win32_1.0.0.202111181127/tools/bin/../lib/gcc/arm-none-eabi/10.3.1/../../../../arm-none-eabi/lib/thumb/v7e-m+fp/hard\libc_nano.a(lib_a-nano-svfprintf.o)
 .rodata._vfprintf_r.str1.1
                0x000000000800ddd1       0x11 c:/st/stm32cubeide_1.10.0/stm32cubeide/plugins/com.st.stm32cube.ide.mcu.externaltools.gnu-tools-for-stm32.10.3-2021.10.win32_1.0.0.202111181127/tools/bin/../lib/gcc/arm-none-eabi/10.3.1/../../../../arm-none-eabi/lib/thumb/v7e-m+fp/hard\libc_nano.a(lib_a-nano-vfprintf.o)
 .rodata._printf_i.str1.1
                0x000000000800ddd1       0x22 c:/st/stm32cubeide_1.10.0/stm32cubeide/plugins/com.st.stm32cube.ide.mcu.externaltools.gnu-tools-for-stm32.10.3-2021.10.win32_1.0.0.202111181127/tools/bin/../lib/gcc/arm-none-eabi/10.3.1/../../../../arm-none-eabi/lib/thumb/v7e-m+fp/hard\libc_nano.a(lib_a-nano-vfprintf_i.o)
                0x000000000800ddf4                . = ALIGN (0x4)
 *fill*         0x000000000800ddf3        0x1 

.ARM.extab      0x000000000800ddf4        0x0
                0x000000000800ddf4                . = ALIGN (0x4)
 *(.ARM.extab* .gnu.linkonce.armextab.*)
                0x000000000800ddf4                . = ALIGN (0x4)

.ARM            0x000000000800ddf4        0x8
                0x000000000800ddf4                . = ALIGN (0x4)
                0x000000000800ddf4                __exidx_start = .
 *(.ARM.exidx*)
 .ARM.exidx     0x000000000800ddf4        0x8 c:/st/stm32cubeide_1.10.0/stm32cubeide/plugins/com.st.stm32cube.ide.mcu.externaltools.gnu-tools-for-stm32.10.3-2021.10.win32_1.0.0.202111181127/tools/bin/../lib/gcc/arm-none-eabi/10.3.1/thumb/v7e-m+fp/hard\libgcc.a(_udivmoddi4.o)
                0x000000000800ddfc                __exidx_end = .
                0x000000000800ddfc                . = ALIGN (0x4)

.rel.dyn        0x000000000800ddfc        0x0
 .rel.iplt      0x000000000800ddfc        0x0 c:/st/stm32cubeide_1.10.0/stm32cubeide/plugins/com.st.stm32cube.ide.mcu.externaltools.gnu-tools-for-stm32.10.3-2021.10.win32_1.0.0.202111181127/tools/bin/../lib/gcc/arm-none-eabi/10.3.1/thumb/v7e-m+fp/hard/crtbegin.o

.preinit_array  0x000000000800ddfc        0x0
                0x000000000800ddfc                . = ALIGN (0x4)
                0x000000000800ddfc                PROVIDE (__preinit_array_start = .)
 *(.preinit_array*)
                0x000000000800ddfc                PROVIDE (__preinit_array_end = .)
                0x000000000800ddfc                . = ALIGN (0x4)

.init_array     0x000000000800ddfc        0x4
                0x000000000800ddfc                . = ALIGN (0x4)
                0x000000000800ddfc                PROVIDE (__init_array_start = .)
 *(SORT_BY_NAME(.init_array.*))
 *(.init_array*)
 .init_array    0x000000000800ddfc        0x4 c:/st/stm32cubeide_1.10.0/stm32cubeide/plugins/com.st.stm32cube.ide.mcu.externaltools.gnu-tools-for-stm32.10.3-2021.10.win32_1.0.0.202111181127/tools/bin/../lib/gcc/arm-none-eabi/10.3.1/thumb/v7e-m+fp/hard/crtbegin.o
                0x000000000800de00                PROVIDE (__init_array_end = .)
                0x000000000800de00                . = ALIGN (0x4)

.fini_array     0x000000000800de00        0x4
                0x000000000800de00                . = ALIGN (0x4)
                [!provide]                        PROVIDE (__fini_array_start = .)
 *(SORT_BY_NAME(.fini_array.*))
 *(.fini_array*)
 .fini_array    0x000000000800de00        0x4 c:/st/stm32cubeide_1.10.0/stm32cubeide/plugins/com.st.stm32cube.ide.mcu.externaltools.gnu-tools-for-stm32.10.3-2021.10.win32_1.0.0.202111181127/tools/bin/../lib/gcc/arm-none-eabi/10.3.1/thumb/v7e-m+fp/hard/crtbegin.o
                [!provide]                        PROVIDE (__fini_array_end = .)
                0x000000000800de04                . = ALIGN (0x4)
                0x000000000800de04                _sidata = LOADADDR (.data)

.data           0x0000000020000000       0x74 load address 0x000000000800de04
                0x0000000020000000                . = ALIGN (0x4)
                0x0000000020000000                _sdata = .
 *(.data)
 *(.data*)
 .data.SystemCoreClock
                0x0000000020000000        0x4 ./Core/Src/system_stm32f4xx.o
                0x0000000020000000                SystemCoreClock
 .data.uwTickPrio
                0x0000000020000004        0x4 ./Drivers/STM32F4xx_HAL_Driver/Src/stm32f4xx_hal.o
                0x0000000020000004                uwTickPrio
 .data.uwTickFreq
                0x0000000020000008        0x1 ./Drivers/STM32F4xx_HAL_Driver/Src/stm32f4xx_hal.o
                0x0000000020000008                uwTickFreq
 *fill*         0x0000000020000009        0x3 
 .data.LED_BRIGHTNESS
                0x000000002000000c        0x4 ./User_Drivers/WS2812/ws2812.o
                0x000000002000000c                LED_BRIGHTNESS
 .data._impure_ptr
                0x0000000020000010        0x4 c:/st/stm32cubeide_1.10.0/stm32cubeide/plugins/com.st.stm32cube.ide.mcu.externaltools.gnu-tools-for-stm32.10.3-2021.10.win32_1.0.0.202111181127/tools/bin/../lib/gcc/arm-none-eabi/10.3.1/../../../../arm-none-eabi/lib/thumb/v7e-m+fp/hard\libc_nano.a(lib_a-impure.o)
                0x0000000020000010                _impure_ptr
 .data.impure_data
                0x0000000020000014       0x60 c:/st/stm32cubeide_1.10.0/stm32cubeide/plugins/com.st.stm32cube.ide.mcu.externaltools.gnu-tools-for-stm32.10.3-2021.10.win32_1.0.0.202111181127/tools/bin/../lib/gcc/arm-none-eabi/10.3.1/../../../../arm-none-eabi/lib/thumb/v7e-m+fp/hard\libc_nano.a(lib_a-impure.o)
 *(.RamFunc)
 *(.RamFunc*)
                0x0000000020000074                . = ALIGN (0x4)
                0x0000000020000074                _edata = .

.igot.plt       0x0000000020000074        0x0 load address 0x000000000800de78
 .igot.plt      0x0000000020000074        0x0 c:/st/stm32cubeide_1.10.0/stm32cubeide/plugins/com.st.stm32cube.ide.mcu.externaltools.gnu-tools-for-stm32.10.3-2021.10.win32_1.0.0.202111181127/tools/bin/../lib/gcc/arm-none-eabi/10.3.1/thumb/v7e-m+fp/hard/crtbegin.o
                0x0000000020000074                . = ALIGN (0x4)

.bss            0x0000000020000074     0x3fa0 load address 0x000000000800de78
                0x0000000020000074                _sbss = .
                0x0000000020000074                __bss_start__ = _sbss
 *(.bss)
 .bss           0x0000000020000074       0x1c c:/st/stm32cubeide_1.10.0/stm32cubeide/plugins/com.st.stm32cube.ide.mcu.externaltools.gnu-tools-for-stm32.10.3-2021.10.win32_1.0.0.202111181127/tools/bin/../lib/gcc/arm-none-eabi/10.3.1/thumb/v7e-m+fp/hard/crtbegin.o
 *(.bss*)
 .bss.hadc1     0x0000000020000090       0x48 ./Core/Src/adc.o
                0x0000000020000090                hadc1
 .bss.hdma_adc1
                0x00000000200000d8       0x60 ./Core/Src/adc.o
                0x00000000200000d8                hdma_adc1
 .bss.btConnected
                0x0000000020000138        0x1 ./Core/Src/main.o
                0x0000000020000138                btConnected
 .bss.btStateChanged
                0x0000000020000139        0x1 ./Core/Src/main.o
                0x0000000020000139                btStateChanged
 .bss.timer60_count
                0x000000002000013a        0x1 ./Core/Src/main.o
                0x000000002000013a                timer60_count
 .bss.timer60   0x000000002000013b        0x1 ./Core/Src/main.o
                0x000000002000013b                timer60
 .bss.timer15_count
                0x000000002000013c        0x1 ./Core/Src/main.o
                0x000000002000013c                timer15_count
 .bss.timer15   0x000000002000013d        0x1 ./Core/Src/main.o
                0x000000002000013d                timer15
 .bss.currentMode
                0x000000002000013e        0x1 ./Core/Src/main.o
                0x000000002000013e                currentMode
 .bss.modeChanged
                0x000000002000013f        0x1 ./Core/Src/main.o
                0x000000002000013f                modeChanged
 .bss.__sbrk_heap_end
                0x0000000020000140        0x4 ./Core/Src/sysmem.o
 .bss.htim2     0x0000000020000144       0x48 ./Core/Src/tim.o
                0x0000000020000144                htim2
 .bss.htim3     0x000000002000018c       0x48 ./Core/Src/tim.o
                0x000000002000018c                htim3
 .bss.htim4     0x00000000200001d4       0x48 ./Core/Src/tim.o
                0x00000000200001d4                htim4
 .bss.hdma_tim2_ch3_up
                0x000000002000021c       0x60 ./Core/Src/tim.o
                0x000000002000021c                hdma_tim2_ch3_up
 .bss.hdma_tim3_ch1_trig
                0x000000002000027c       0x60 ./Core/Src/tim.o
                0x000000002000027c                hdma_tim3_ch1_trig
 .bss.hdma_tim3_ch2
                0x00000000200002dc       0x60 ./Core/Src/tim.o
                0x00000000200002dc                hdma_tim3_ch2
 .bss.hdma_tim3_ch3
                0x000000002000033c       0x60 ./Core/Src/tim.o
                0x000000002000033c                hdma_tim3_ch3
 .bss.hdma_tim3_ch4_up
                0x000000002000039c       0x60 ./Core/Src/tim.o
                0x000000002000039c                hdma_tim3_ch4_up
 .bss.huart1    0x00000000200003fc       0x44 ./Core/Src/usart.o
                0x00000000200003fc                huart1
 .bss.huart6    0x0000000020000440       0x44 ./Core/Src/usart.o
                0x0000000020000440                huart6
 .bss.hdma_usart1_rx
                0x0000000020000484       0x60 ./Core/Src/usart.o
                0x0000000020000484                hdma_usart1_rx
 .bss.hdma_usart6_rx
                0x00000000200004e4       0x60 ./Core/Src/usart.o
                0x00000000200004e4                hdma_usart6_rx
 .bss.uwTick    0x0000000020000544        0x4 ./Drivers/STM32F4xx_HAL_Driver/Src/stm32f4xx_hal.o
                0x0000000020000544                uwTick
 .bss.OLED_GRAM
                0x0000000020000548      0x400 ./User_Drivers/OLED/oled.o
                0x0000000020000548                OLED_GRAM
 .bss.gHuart    0x0000000020000948        0x4 ./User_Drivers/USART/retarget.o
                0x0000000020000948                gHuart
 .bss.USART1_RX_BUF
                0x000000002000094c       0xc8 ./User_Drivers/USART/uart_callback.o
                0x000000002000094c                USART1_RX_BUF
 .bss.USART1_RX_STA
                0x0000000020000a14        0x2 ./User_Drivers/USART/uart_callback.o
                0x0000000020000a14                USART1_RX_STA
 .bss.USART1_NewData
                0x0000000020000a16        0x1 ./User_Drivers/USART/uart_callback.o
                0x0000000020000a16                USART1_NewData
 *fill*         0x0000000020000a17        0x1 
 .bss.USART6_RX_BUF
                0x0000000020000a18       0xc8 ./User_Drivers/USART/uart_callback.o
                0x0000000020000a18                USART6_RX_BUF
 .bss.USART6_RX_STA
                0x0000000020000ae0        0x2 ./User_Drivers/USART/uart_callback.o
                0x0000000020000ae0                USART6_RX_STA
 .bss.USART6_NewData
                0x0000000020000ae2        0x1 ./User_Drivers/USART/uart_callback.o
                0x0000000020000ae2                USART6_NewData
 *fill*         0x0000000020000ae3        0x1 
 .bss.COLOR_PLANE1
                0x0000000020000ae4       0x4b ./User_Drivers/WS2812/ws2812.o
                0x0000000020000ae4                COLOR_PLANE1
 *fill*         0x0000000020000b2f        0x1 
 .bss.COLOR_PLANE2
                0x0000000020000b30       0x4b ./User_Drivers/WS2812/ws2812.o
                0x0000000020000b30                COLOR_PLANE2
 *fill*         0x0000000020000b7b        0x1 
 .bss.COLOR_PLANE3
                0x0000000020000b7c       0x4b ./User_Drivers/WS2812/ws2812.o
                0x0000000020000b7c                COLOR_PLANE3
 *fill*         0x0000000020000bc7        0x1 
 .bss.COLOR_PLANE4
                0x0000000020000bc8       0x4b ./User_Drivers/WS2812/ws2812.o
                0x0000000020000bc8                COLOR_PLANE4
 *fill*         0x0000000020000c13        0x1 
 .bss.COLOR_PLANE5
                0x0000000020000c14       0x4b ./User_Drivers/WS2812/ws2812.o
                0x0000000020000c14                COLOR_PLANE5
 *fill*         0x0000000020000c5f        0x1 
 .bss.DMA_BUF_TIM2_CH3
                0x0000000020000c60      0xa54 ./User_Drivers/WS2812/ws2812.o
                0x0000000020000c60                DMA_BUF_TIM2_CH3
 .bss.DMA_BUF_TIM3_CH1
                0x00000000200016b4      0xa54 ./User_Drivers/WS2812/ws2812.o
                0x00000000200016b4                DMA_BUF_TIM3_CH1
 .bss.DMA_BUF_TIM3_CH2
                0x0000000020002108      0xa54 ./User_Drivers/WS2812/ws2812.o
                0x0000000020002108                DMA_BUF_TIM3_CH2
 .bss.DMA_BUF_TIM3_CH3
                0x0000000020002b5c      0xa54 ./User_Drivers/WS2812/ws2812.o
                0x0000000020002b5c                DMA_BUF_TIM3_CH3
 .bss.DMA_BUF_TIM3_CH4
                0x00000000200035b0      0xa54 ./User_Drivers/WS2812/ws2812.o
                0x00000000200035b0                DMA_BUF_TIM3_CH4
 .bss.__lock___malloc_recursive_mutex
                0x0000000020004004        0x1 c:/st/stm32cubeide_1.10.0/stm32cubeide/plugins/com.st.stm32cube.ide.mcu.externaltools.gnu-tools-for-stm32.10.3-2021.10.win32_1.0.0.202111181127/tools/bin/../lib/gcc/arm-none-eabi/10.3.1/../../../../arm-none-eabi/lib/thumb/v7e-m+fp/hard\libc_nano.a(lib_a-lock.o)
                0x0000000020004004                __lock___malloc_recursive_mutex
 .bss.__lock___sfp_recursive_mutex
                0x0000000020004005        0x1 c:/st/stm32cubeide_1.10.0/stm32cubeide/plugins/com.st.stm32cube.ide.mcu.externaltools.gnu-tools-for-stm32.10.3-2021.10.win32_1.0.0.202111181127/tools/bin/../lib/gcc/arm-none-eabi/10.3.1/../../../../arm-none-eabi/lib/thumb/v7e-m+fp/hard\libc_nano.a(lib_a-lock.o)
                0x0000000020004005                __lock___sfp_recursive_mutex
 .bss.__lock___sinit_recursive_mutex
                0x0000000020004006        0x1 c:/st/stm32cubeide_1.10.0/stm32cubeide/plugins/com.st.stm32cube.ide.mcu.externaltools.gnu-tools-for-stm32.10.3-2021.10.win32_1.0.0.202111181127/tools/bin/../lib/gcc/arm-none-eabi/10.3.1/../../../../arm-none-eabi/lib/thumb/v7e-m+fp/hard\libc_nano.a(lib_a-lock.o)
                0x0000000020004006                __lock___sinit_recursive_mutex
 *fill*         0x0000000020004007        0x1 
 .bss.__malloc_free_list
                0x0000000020004008        0x4 c:/st/stm32cubeide_1.10.0/stm32cubeide/plugins/com.st.stm32cube.ide.mcu.externaltools.gnu-tools-for-stm32.10.3-2021.10.win32_1.0.0.202111181127/tools/bin/../lib/gcc/arm-none-eabi/10.3.1/../../../../arm-none-eabi/lib/thumb/v7e-m+fp/hard\libc_nano.a(lib_a-nano-mallocr.o)
                0x0000000020004008                __malloc_free_list
 .bss.__malloc_sbrk_start
                0x000000002000400c        0x4 c:/st/stm32cubeide_1.10.0/stm32cubeide/plugins/com.st.stm32cube.ide.mcu.externaltools.gnu-tools-for-stm32.10.3-2021.10.win32_1.0.0.202111181127/tools/bin/../lib/gcc/arm-none-eabi/10.3.1/../../../../arm-none-eabi/lib/thumb/v7e-m+fp/hard\libc_nano.a(lib_a-nano-mallocr.o)
                0x000000002000400c                __malloc_sbrk_start
 .bss.errno     0x0000000020004010        0x4 c:/st/stm32cubeide_1.10.0/stm32cubeide/plugins/com.st.stm32cube.ide.mcu.externaltools.gnu-tools-for-stm32.10.3-2021.10.win32_1.0.0.202111181127/tools/bin/../lib/gcc/arm-none-eabi/10.3.1/../../../../arm-none-eabi/lib/thumb/v7e-m+fp/hard\libc_nano.a(lib_a-reent.o)
                0x0000000020004010                errno
 *(COMMON)
                0x0000000020004014                . = ALIGN (0x4)
                0x0000000020004014                _ebss = .
                0x0000000020004014                __bss_end__ = _ebss

._user_heap_stack
                0x0000000020004014      0x604 load address 0x000000000800de78
                0x0000000020004018                . = ALIGN (0x8)
 *fill*         0x0000000020004014        0x4 
                [!provide]                        PROVIDE (end = .)
                0x0000000020004018                PROVIDE (_end = .)
                0x0000000020004218                . = (. + _Min_Heap_Size)
 *fill*         0x0000000020004018      0x200 
                0x0000000020004618                . = (. + _Min_Stack_Size)
 *fill*         0x0000000020004218      0x400 
                0x0000000020004618                . = ALIGN (0x8)

/DISCARD/
 libc.a(*)
 libm.a(*)
 libgcc.a(*)

.ARM.attributes
                0x0000000000000000       0x30
 *(.ARM.attributes)
 .ARM.attributes
                0x0000000000000000       0x1e c:/st/stm32cubeide_1.10.0/stm32cubeide/plugins/com.st.stm32cube.ide.mcu.externaltools.gnu-tools-for-stm32.10.3-2021.10.win32_1.0.0.202111181127/tools/bin/../lib/gcc/arm-none-eabi/10.3.1/thumb/v7e-m+fp/hard/crti.o
 .ARM.attributes
                0x000000000000001e       0x34 c:/st/stm32cubeide_1.10.0/stm32cubeide/plugins/com.st.stm32cube.ide.mcu.externaltools.gnu-tools-for-stm32.10.3-2021.10.win32_1.0.0.202111181127/tools/bin/../lib/gcc/arm-none-eabi/10.3.1/thumb/v7e-m+fp/hard/crtbegin.o
 .ARM.attributes