../Core/Src/stm32f4xx_it.c:81:6:NMI_Handler	4	static
../Core/Src/stm32f4xx_it.c:96:6:HardFault_Handler	4	static
../Core/Src/stm32f4xx_it.c:111:6:MemManage_Handler	4	static
../Core/Src/stm32f4xx_it.c:126:6:BusFault_Handler	4	static
../Core/Src/stm32f4xx_it.c:141:6:UsageFault_Handler	4	static
../Core/Src/stm32f4xx_it.c:156:6:SVC_Handler	4	static
../Core/Src/stm32f4xx_it.c:169:6:DebugMon_Handler	4	static
../Core/Src/stm32f4xx_it.c:182:6:PendSV_Handler	4	static
../Core/Src/stm32f4xx_it.c:195:6:SysTick_Handler	8	static
../Core/Src/stm32f4xx_it.c:224:6:DMA1_Stream1_IRQHandler	8	static
../Core/Src/stm32f4xx_it.c:238:6:DMA1_Stream2_IRQHandler	8	static
../Core/Src/stm32f4xx_it.c:252:6:DMA1_Stream4_IRQHandler	8	static
../Core/Src/stm32f4xx_it.c:266:6:DMA1_Stream5_IRQHandler	8	static
../Core/Src/stm32f4xx_it.c:280:6:ADC_IRQHandler	8	static
../Core/Src/stm32f4xx_it.c:294:6:TIM2_IRQHandler	8	static
../Core/Src/stm32f4xx_it.c:308:6:TIM3_IRQHandler	8	static
../Core/Src/stm32f4xx_it.c:322:6:USART1_IRQHandler	8	static
../Core/Src/stm32f4xx_it.c:336:6:EXTI15_10_IRQHandler	8	static
../Core/Src/stm32f4xx_it.c:350:6:DMA1_Stream7_IRQHandler	8	static
../Core/Src/stm32f4xx_it.c:364:6:DMA2_Stream1_IRQHandler	8	static
../Core/Src/stm32f4xx_it.c:378:6:DMA2_Stream2_IRQHandler	8	static
../Core/Src/stm32f4xx_it.c:392:6:DMA2_Stream4_IRQHandler	8	static
../Core/Src/stm32f4xx_it.c:406:6:USART6_IRQHandler	8	static
