../User_Drivers/OLED/oled.c:13:6:I2C_Start	8	static
../User_Drivers/OLED/oled.c:21:6:I2C_Stop	8	static
../User_Drivers/OLED/oled.c:29:9:I2C_WaitAck	16	static
../User_Drivers/OLED/oled.c:45:6:I2C_WriteByte	24	static
../User_Drivers/OLED/oled.c:57:6:OLED_WriteByte	16	static
../User_Drivers/OLED/oled.c:81:6:OLED_Display_On	8	static
../User_Drivers/OLED/oled.c:87:6:OLED_Display_Off	8	static
../User_Drivers/OLED/oled.c:92:6:OLED_RefreshGram	16	static
../User_Drivers/OLED/oled.c:100:6:OLED_Clear	8	static
../User_Drivers/OLED/oled.c:106:6:OLED_DrawPixel	16	static
../User_Drivers/OLED/oled.c:114:6:OLED_DrawChar	32	static
../User_Drivers/OLED/oled.c:133:6:OLED_DrawNumber	40	static
../User_Drivers/OLED/oled.c:142:6:OLED_DrawString	32	static
../User_Drivers/OLED/oled.c:153:6:OLED_printf	124	static
../User_Drivers/OLED/oled.c:161:6:OLED_Init	8	static
